#-----------------------------------------------------------
# Vivado v2024.2 (64-bit)
# SW Build 5239630 on Fri Nov 08 22:35:27 MST 2024
# IP Build 5239520 on Sun Nov 10 16:12:51 MST 2024
# SharedData Build 5239561 on Fri Nov 08 14:39:27 MST 2024
# Start of session at: Sun Mar 22 17:25:40 2026
# Process ID         : 33588
# Current directory  : C:/Users/krush/Music/RISC_V_PIPELINED
# Command line       : vivado.exe -gui_launcher_event rodinguilauncherevent38612 C:\Users\krush\Music\RISC_V_PIPELINED\RISC_V_PROCESSOR.xpr
# Log file           : C:/Users/krush/Music/RISC_V_PIPELINED/vivado.log
# Journal file       : C:/Users/krush/Music/RISC_V_PIPELINED\vivado.jou
# Running On         : K_Victus
# Platform           : Windows Server 2016 or Windows 10
# Operating System   : 26200
# Processor Detail   : AMD Ryzen 7 7840HS w/ Radeon 780M Graphics     
# CPU Frequency      : 3793 MHz
# CPU Physical cores : 8
# CPU Logical cores  : 16
# Host memory        : 16415 MB
# Swap memory        : 12884 MB
# Total Virtual      : 29300 MB
# Available Virtual  : 15555 MB
#-----------------------------------------------------------
start_gui
open_project C:/Users/krush/Music/RISC_V_PIPELINED/RISC_V_PROCESSOR.xpr
INFO: [filemgmt 56-3] Default IP Output Path : Could not find the directory 'C:/Users/krush/Music/RISC_V_PIPELINED/RISC_V_PROCESSOR.gen/sources_1'.
Scanning sources...
Finished scanning sources
INFO: [IP_Flow 19-234] Refreshing IP repositories
INFO: [IP_Flow 19-1704] No user IP repositories specified
INFO: [IP_Flow 19-2313] Loaded Vivado IP repository 'C:/Xilinx/Vivado/2024.2/data/ip'.
open_project: Time (s): cpu = 00:00:13 ; elapsed = 00:00:06 . Memory (MB): peak = 1250.926 ; gain = 154.727
update_compile_order -fileset sources_1
WARNING: [filemgmt 56-199] Attempt to get parsing info during refresh. "On-the-fly" syntax checking information may be incorrect. [C:\Users\krush\Music\RISC_V_PIPELINED\RISC_V_PROCESSOR.srcs\sources_1\new\fetch_cycle.v:]
WARNING: [filemgmt 56-199] Attempt to get parsing info during refresh. "On-the-fly" syntax checking information may be incorrect. [C:\Users\krush\Music\RISC_V_PIPELINED\RISC_V_PROCESSOR.srcs\sim_1\new\tb_riscv.v:]
WARNING: [filemgmt 56-199] Attempt to get parsing info during refresh. "On-the-fly" syntax checking information may be incorrect. [C:\Users\krush\Music\RISC_V_PIPELINED\RISC_V_PROCESSOR.srcs\sources_1\new\top.v:]
WARNING: [filemgmt 56-199] Attempt to get parsing info during refresh. "On-the-fly" syntax checking information may be incorrect. [C:\Users\krush\Music\RISC_V_PIPELINED\RISC_V_PROCESSOR.srcs\sources_1\new\Instr_mem.v:]
WARNING: [filemgmt 56-199] Attempt to get parsing info during refresh. "On-the-fly" syntax checking information may be incorrect. [C:\Users\krush\Music\RISC_V_PIPELINED\RISC_V_PROCESSOR.srcs\sim_1\new\tb_riscv.v:]
WARNING: [filemgmt 56-199] Attempt to get parsing info during refresh. "On-the-fly" syntax checking information may be incorrect. [C:\Users\krush\Music\RISC_V_PIPELINED\RISC_V_PROCESSOR.srcs\sim_1\new\tb_riscv.v:]
WARNING: [filemgmt 56-199] Attempt to get parsing info during refresh. "On-the-fly" syntax checking information may be incorrect. [C:\Users\krush\Music\RISC_V_PIPELINED\RISC_V_PROCESSOR.srcs\sources_1\new\fetch_cycle.v:]
WARNING: [filemgmt 56-199] Attempt to get parsing info during refresh. "On-the-fly" syntax checking information may be incorrect. [C:\Users\krush\Music\RISC_V_PIPELINED\RISC_V_PROCESSOR.srcs\sim_1\new\tb_riscv.v:]
WARNING: [filemgmt 56-199] Attempt to get parsing info during refresh. "On-the-fly" syntax checking information may be incorrect. [C:\Users\krush\Music\RISC_V_PIPELINED\RISC_V_PROCESSOR.srcs\sources_1\new\top.v:]
WARNING: [filemgmt 56-199] Attempt to get parsing info during refresh. "On-the-fly" syntax checking information may be incorrect. [C:\Users\krush\Music\RISC_V_PIPELINED\RISC_V_PROCESSOR.srcs\sources_1\new\Instr_mem.v:]
WARNING: [filemgmt 56-199] Attempt to get parsing info during refresh. "On-the-fly" syntax checking information may be incorrect. [C:\Users\krush\Music\RISC_V_PIPELINED\RISC_V_PROCESSOR.srcs\sources_1\new\Instr_mem.v:]
WARNING: [filemgmt 56-199] Attempt to get parsing info during refresh. "On-the-fly" syntax checking information may be incorrect. [C:\Users\krush\Music\RISC_V_PIPELINED\RISC_V_PROCESSOR.srcs\sources_1\new\Instr_mem.v:]
ERROR: [Common 17-180] Spawn failed: No error
WARNING: [filemgmt 56-199] Attempt to get parsing info during refresh. "On-the-fly" syntax checking information may be incorrect. [C:\Users\krush\Music\RISC_V_PIPELINED\RISC_V_PROCESSOR.srcs\sources_1\new\fetch_cycle.v:]
WARNING: [filemgmt 56-199] Attempt to get parsing info during refresh. "On-the-fly" syntax checking information may be incorrect. [C:\Users\krush\Music\RISC_V_PIPELINED\RISC_V_PROCESSOR.srcs\sim_1\new\tb_riscv.v:]
WARNING: [filemgmt 56-199] Attempt to get parsing info during refresh. "On-the-fly" syntax checking information may be incorrect. [C:\Users\krush\Music\RISC_V_PIPELINED\RISC_V_PROCESSOR.srcs\sources_1\new\top.v:]
WARNING: [filemgmt 56-199] Attempt to get parsing info during refresh. "On-the-fly" syntax checking information may be incorrect. [C:\Users\krush\Music\RISC_V_PIPELINED\RISC_V_PROCESSOR.srcs\sources_1\new\Instr_mem.v:]
WARNING: [filemgmt 56-199] Attempt to get parsing info during refresh. "On-the-fly" syntax checking information may be incorrect. [C:\Users\krush\Music\RISC_V_PIPELINED\RISC_V_PROCESSOR.srcs\sources_1\new\top.v:]
WARNING: [filemgmt 56-199] Attempt to get parsing info during refresh. "On-the-fly" syntax checking information may be incorrect. [C:\Users\krush\Music\RISC_V_PIPELINED\RISC_V_PROCESSOR.srcs\sources_1\new\top.v:]
ERROR: [Common 17-180] Spawn failed: No error
launch_simulation
Command: launch_simulation 
INFO: [Vivado 12-12493] Simulation top is 'tb_riscv'
WARNING: [Vivado 12-13340] Unable to auto find GCC executables from simulator install path! (path not set)
INFO: [Vivado 12-5682] Launching behavioral simulation in 'C:/Users/krush/Music/RISC_V_PIPELINED/RISC_V_PROCESSOR.sim/sim_1/behav/xsim'
INFO: [SIM-utils-51] Simulation object is 'sim_1'
INFO: [SIM-utils-72] Using boost library from 'C:/Xilinx/Vivado/2024.2/tps/boost_1_72_0'
INFO: [SIM-utils-54] Inspecting design source files for 'tb_riscv' in fileset 'sim_1'...
INFO: [USF-XSim-97] Finding global include files...
INFO: [USF-XSim-98] Fetching design files from 'sim_1'...
INFO: [USF-XSim-2] XSim::Compile design
INFO: [USF-XSim-61] Executing 'COMPILE and ANALYZE' step in 'C:/Users/krush/Music/RISC_V_PIPELINED/RISC_V_PROCESSOR.sim/sim_1/behav/xsim'
"xvlog --incr --relax -prj tb_riscv_vlog.prj"
INFO: [VRFC 10-2263] Analyzing Verilog file "C:/Users/krush/Music/RISC_V_PIPELINED/RISC_V_PROCESSOR.srcs/sources_1/new/ALU.v" into library xil_defaultlib
INFO: [VRFC 10-311] analyzing module ALU
INFO: [VRFC 10-2263] Analyzing Verilog file "C:/Users/krush/Music/RISC_V_PIPELINED/RISC_V_PROCESSOR.srcs/sources_1/new/Control_unit.v" into library xil_defaultlib
INFO: [VRFC 10-311] analyzing module Control_unit
INFO: [VRFC 10-2263] Analyzing Verilog file "C:/Users/krush/Music/RISC_V_PIPELINED/RISC_V_PROCESSOR.srcs/sources_1/new/D_FF.v" into library xil_defaultlib
INFO: [VRFC 10-311] analyzing module D_FF
INFO: [VRFC 10-2263] Analyzing Verilog file "C:/Users/krush/Music/RISC_V_PIPELINED/RISC_V_PROCESSOR.srcs/sources_1/new/D_FF_enable.v" into library xil_defaultlib
INFO: [VRFC 10-311] analyzing module D_FF_enable
INFO: [VRFC 10-2263] Analyzing Verilog file "C:/Users/krush/Music/RISC_V_PIPELINED/RISC_V_PROCESSOR.srcs/sources_1/new/D_FF_enable_Flush.v" into library xil_defaultlib
INFO: [VRFC 10-311] analyzing module D_FF_enable_Flush
INFO: [VRFC 10-2263] Analyzing Verilog file "C:/Users/krush/Music/RISC_V_PIPELINED/RISC_V_PROCESSOR.srcs/sources_1/new/D_FF_flush.v" into library xil_defaultlib
INFO: [VRFC 10-311] analyzing module D_FF_flush
INFO: [VRFC 10-2263] Analyzing Verilog file "C:/Users/krush/Music/RISC_V_PIPELINED/RISC_V_PROCESSOR.srcs/sources_1/new/Data_mem.v" into library xil_defaultlib
INFO: [VRFC 10-311] analyzing module Data_mem
INFO: [VRFC 10-2263] Analyzing Verilog file "C:/Users/krush/Music/RISC_V_PIPELINED/RISC_V_PROCESSOR.srcs/sources_1/new/Imm_gen.v" into library xil_defaultlib
INFO: [VRFC 10-311] analyzing module Imm_gen
INFO: [VRFC 10-2263] Analyzing Verilog file "C:/Users/krush/Music/RISC_V_PIPELINED/RISC_V_PROCESSOR.srcs/sources_1/new/Instr_mem.v" into library xil_defaultlib
INFO: [VRFC 10-311] analyzing module Instr_mem
INFO: [VRFC 10-2263] Analyzing Verilog file "C:/Users/krush/Music/RISC_V_PIPELINED/RISC_V_PROCESSOR.srcs/sources_1/new/Register_file.v" into library xil_defaultlib
INFO: [VRFC 10-311] analyzing module Register_file
INFO: [VRFC 10-2263] Analyzing Verilog file "C:/Users/krush/Music/RISC_V_PIPELINED/RISC_V_PROCESSOR.srcs/sources_1/new/decode_cycle.v" into library xil_defaultlib
INFO: [VRFC 10-311] analyzing module decode_cycle
INFO: [VRFC 10-2263] Analyzing Verilog file "C:/Users/krush/Music/RISC_V_PIPELINED/RISC_V_PROCESSOR.srcs/sources_1/new/execute_cycle.v" into library xil_defaultlib
INFO: [VRFC 10-311] analyzing module execute_cycle
INFO: [VRFC 10-2263] Analyzing Verilog file "C:/Users/krush/Music/RISC_V_PIPELINED/RISC_V_PROCESSOR.srcs/sources_1/new/fetch_cycle.v" into library xil_defaultlib
INFO: [VRFC 10-311] analyzing module fetch_cycle
INFO: [VRFC 10-2263] Analyzing Verilog file "C:/Users/krush/Music/RISC_V_PIPELINED/RISC_V_PROCESSOR.srcs/sources_1/new/hazard_unit.v" into library xil_defaultlib
INFO: [VRFC 10-311] analyzing module hazard_unit
INFO: [VRFC 10-2263] Analyzing Verilog file "C:/Users/krush/Music/RISC_V_PIPELINED/RISC_V_PROCESSOR.srcs/sources_1/new/load_unit.v" into library xil_defaultlib
INFO: [VRFC 10-311] analyzing module load_unit
INFO: [VRFC 10-2263] Analyzing Verilog file "C:/Users/krush/Music/RISC_V_PIPELINED/RISC_V_PROCESSOR.srcs/sources_1/new/memory_cycle.v" into library xil_defaultlib
INFO: [VRFC 10-311] analyzing module memory_cycle
INFO: [VRFC 10-2263] Analyzing Verilog file "C:/Users/krush/Music/RISC_V_PIPELINED/RISC_V_PROCESSOR.srcs/sources_1/new/store_unit.v" into library xil_defaultlib
INFO: [VRFC 10-311] analyzing module store_unit
INFO: [VRFC 10-2263] Analyzing Verilog file "C:/Users/krush/Music/RISC_V_PIPELINED/RISC_V_PROCESSOR.srcs/sources_1/new/top.v" into library xil_defaultlib
INFO: [VRFC 10-311] analyzing module top
INFO: [VRFC 10-2263] Analyzing Verilog file "C:/Users/krush/Music/RISC_V_PIPELINED/RISC_V_PROCESSOR.srcs/sources_1/new/write_cycle.v" into library xil_defaultlib
INFO: [VRFC 10-311] analyzing module write_cycle
INFO: [VRFC 10-2263] Analyzing Verilog file "C:/Users/krush/Music/RISC_V_PIPELINED/RISC_V_PROCESSOR.srcs/sim_1/new/tb_riscv.v" into library xil_defaultlib
INFO: [VRFC 10-311] analyzing module tb_riscv
INFO: [USF-XSim-69] 'compile' step finished in '3' seconds
INFO: [USF-XSim-3] XSim::Elaborate design
INFO: [USF-XSim-61] Executing 'ELABORATE' step in 'C:/Users/krush/Music/RISC_V_PIPELINED/RISC_V_PROCESSOR.sim/sim_1/behav/xsim'
"xelab --incr --debug typical --relax --mt 2 -L xil_defaultlib -L unisims_ver -L unimacro_ver -L secureip --snapshot tb_riscv_behav xil_defaultlib.tb_riscv xil_defaultlib.glbl -log elaborate.log"
Vivado Simulator v2024.2.0
Copyright 1986-2022 Xilinx, Inc. All Rights Reserved.
Copyright 2022-2024 Advanced Micro Devices, Inc. All Rights Reserved.
Running: C:/Xilinx/Vivado/2024.2/bin/unwrapped/win64.o/xelab.exe --incr --debug typical --relax --mt 2 -L xil_defaultlib -L unisims_ver -L unimacro_ver -L secureip --snapshot tb_riscv_behav xil_defaultlib.tb_riscv xil_defaultlib.glbl -log elaborate.log 
Using 2 slave threads.
Starting static elaboration
Pass Through NonSizing Optimizer
Completed static elaboration
Starting simulation data flow analysis
Completed simulation data flow analysis
Time Resolution for simulation is 1ps
Compiling module xil_defaultlib.D_FF_enable
Compiling module xil_defaultlib.Instr_mem
Compiling module xil_defaultlib.D_FF_enable_Flush
Compiling module xil_defaultlib.fetch_cycle
Compiling module xil_defaultlib.Control_unit
Compiling module xil_defaultlib.Imm_gen
Compiling module xil_defaultlib.Register_file
Compiling module xil_defaultlib.D_FF_flush
Compiling module xil_defaultlib.D_FF_flush(WIDTH=1)
Compiling module xil_defaultlib.D_FF_flush(WIDTH=2)
Compiling module xil_defaultlib.D_FF_flush(WIDTH=4)
Compiling module xil_defaultlib.D_FF_flush(WIDTH=3)
Compiling module xil_defaultlib.D_FF_flush(WIDTH=5)
Compiling module xil_defaultlib.decode_cycle
Compiling module xil_defaultlib.ALU
Compiling module xil_defaultlib.D_FF(WIDTH=1)
Compiling module xil_defaultlib.D_FF(WIDTH=3)
Compiling module xil_defaultlib.D_FF(WIDTH=2)
Compiling module xil_defaultlib.D_FF
Compiling module xil_defaultlib.D_FF(WIDTH=5)
Compiling module xil_defaultlib.execute_cycle
Compiling module xil_defaultlib.store_unit
Compiling module xil_defaultlib.Data_mem
Compiling module xil_defaultlib.memory_cycle
Compiling module xil_defaultlib.load_unit
Compiling module xil_defaultlib.write_cycle
Compiling module xil_defaultlib.hazard_unit
Compiling module xil_defaultlib.top
Compiling module xil_defaultlib.tb_riscv
Compiling module xil_defaultlib.glbl
Built simulation snapshot tb_riscv_behav
INFO: [USF-XSim-69] 'elaborate' step finished in '4' seconds
INFO: [USF-XSim-4] XSim::Simulate design
INFO: [USF-XSim-61] Executing 'SIMULATE' step in 'C:/Users/krush/Music/RISC_V_PIPELINED/RISC_V_PROCESSOR.sim/sim_1/behav/xsim'
INFO: [USF-XSim-98] *** Running xsim
   with args "tb_riscv_behav -key {Behavioral:sim_1:Functional:tb_riscv} -tclbatch {tb_riscv.tcl} -log {simulate.log}"
INFO: [USF-XSim-8] Loading simulator feature
Time resolution is 1 ps
source tb_riscv.tcl
# set curr_wave [current_wave_config]
# if { [string length $curr_wave] == 0 } {
#   if { [llength [get_objects]] > 0} {
#     add_wave /
#     set_property needs_save false [current_wave_config]
#   } else {
#      send_msg_id Add_Wave-1 WARNING "No top level signals found. Simulator will start without a wave window. If you want to open a wave window go to 'File->New Waveform Configuration' or type 'create_wave_config' in the TCL console."
#   }
# }
# run 1000ns
Loading instruction memory from rv32i_test1.hex
---- NEG EDGE ---- WB WRITE: rd=x data=x

================ CYCLE 1 =================
IF  : PCF = 00000000
ID  : InstrD = 00000000 | rs1=0 rs2=0 rd=0
EX  : RD1E=0 RD2E=0 Imm=0
FWD : ForwardAE=00 ForwardBE=00
ALU : Result=0
MEM : Addr=0 WriteData=0 ReadData=0
WB  : rd=0 data=0 we=0
REG : x1=0 x2=0 x3=0 x4=0 x5=0 x6=0 x7=0 x8=0 x9=0
---- NEG EDGE ---- WB WRITE: rd=0 data=0

================ CYCLE 2 =================
IF  : PCF = 00000000
ID  : InstrD = 00000000 | rs1=0 rs2=0 rd=0
EX  : RD1E=0 RD2E=0 Imm=0
FWD : ForwardAE=00 ForwardBE=00
ALU : Result=0
MEM : Addr=0 WriteData=0 ReadData=0
WB  : rd=0 data=0 we=0
REG : x1=0 x2=0 x3=0 x4=0 x5=0 x6=0 x7=0 x8=0 x9=0
---- NEG EDGE ---- WB WRITE: rd=0 data=0

================ CYCLE 3 =================
IF  : PCF = 00000000
ID  : InstrD = 00000000 | rs1=0 rs2=0 rd=0
EX  : RD1E=0 RD2E=0 Imm=0
FWD : ForwardAE=00 ForwardBE=00
ALU : Result=0
MEM : Addr=0 WriteData=0 ReadData=0
WB  : rd=0 data=0 we=0
REG : x1=0 x2=0 x3=0 x4=0 x5=0 x6=0 x7=0 x8=0 x9=0
---- NEG EDGE ---- WB WRITE: rd=0 data=0

================ CYCLE 4 =================
IF  : PCF = 00000004
ID  : InstrD = 00500093 | rs1=0 rs2=5 rd=1
EX  : RD1E=0 RD2E=0 Imm=0
FWD : ForwardAE=00 ForwardBE=00
ALU : Result=0
MEM : Addr=0 WriteData=0 ReadData=x
WB  : rd=0 data=0 we=0
REG : x1=0 x2=0 x3=0 x4=0 x5=0 x6=0 x7=0 x8=0 x9=0
---- NEG EDGE ---- WB WRITE: rd=0 data=0

================ CYCLE 5 =================
IF  : PCF = 00000008
ID  : InstrD = 00a00113 | rs1=0 rs2=10 rd=2
EX  : RD1E=0 RD2E=0 Imm=5
FWD : ForwardAE=00 ForwardBE=00
ALU : Result=0
MEM : Addr=0 WriteData=0 ReadData=x
WB  : rd=0 data=0 we=0
REG : x1=0 x2=0 x3=0 x4=0 x5=0 x6=0 x7=0 x8=0 x9=0
---- NEG EDGE ---- WB WRITE: rd=0 data=0

================ CYCLE 6 =================
IF  : PCF = 0000000c
ID  : InstrD = 002081b3 | rs1=1 rs2=2 rd=3
EX  : RD1E=0 RD2E=0 Imm=10
FWD : ForwardAE=00 ForwardBE=00
ALU : Result=5
MEM : Addr=5 WriteData=0 ReadData=x
WB  : rd=0 data=0 we=0
REG : x1=0 x2=0 x3=0 x4=0 x5=0 x6=0 x7=0 x8=0 x9=0
---- NEG EDGE ---- WB WRITE: rd=1 data=5

================ CYCLE 7 =================
IF  : PCF = 00000010
ID  : InstrD = 00302023 | rs1=0 rs2=3 rd=0
EX  : RD1E=0 RD2E=0 Imm=2
FWD : ForwardAE=01 ForwardBE=10
ALU : Result=10
MEM : Addr=10 WriteData=0 ReadData=x
WB  : rd=1 data=5 we=1
REG : x1=5 x2=0 x3=0 x4=0 x5=0 x6=0 x7=0 x8=0 x9=0
---- NEG EDGE ---- WB WRITE: rd=2 data=10

================ CYCLE 8 =================
IF  : PCF = 00000014
ID  : InstrD = 00002203 | rs1=0 rs2=0 rd=4
EX  : RD1E=0 RD2E=0 Imm=0
FWD : ForwardAE=00 ForwardBE=10
ALU : Result=15
MEM : Addr=15 WriteData=10 ReadData=x
WB  : rd=2 data=10 we=1
REG : x1=5 x2=10 x3=0 x4=0 x5=0 x6=0 x7=0 x8=0 x9=0
---- NEG EDGE ---- WB WRITE: rd=3 data=15

================ CYCLE 9 =================
IF  : PCF = 00000018
ID  : InstrD = 00002283 | rs1=0 rs2=0 rd=5
EX  : RD1E=0 RD2E=0 Imm=0
FWD : ForwardAE=00 ForwardBE=00
ALU : Result=0
MEM : Addr=0 WriteData=15 ReadData=x
WB  : rd=3 data=15 we=1
REG : x1=5 x2=10 x3=15 x4=0 x5=0 x6=0 x7=0 x8=0 x9=0
---- NEG EDGE ---- WB WRITE: rd=0 data=0

================ CYCLE 10 =================
IF  : PCF = 0000001c
ID  : InstrD = 00128333 | rs1=5 rs2=1 rd=6
EX  : RD1E=0 RD2E=0 Imm=0
FWD : ForwardAE=00 ForwardBE=00
ALU : Result=0
MEM : Addr=0 WriteData=0 ReadData=x
WB  : rd=0 data=0 we=0
REG : x1=5 x2=10 x3=15 x4=0 x5=0 x6=0 x7=0 x8=0 x9=0
---- NEG EDGE ---- WB WRITE: rd=4 data=15

================ CYCLE 11 =================
IF  : PCF = 0000001c
ID  : InstrD = 00128333 | rs1=5 rs2=1 rd=6
EX  : RD1E=0 RD2E=0 Imm=0
FWD : ForwardAE=00 ForwardBE=00
ALU : Result=0
MEM : Addr=0 WriteData=0 ReadData=15
WB  : rd=4 data=15 we=1
REG : x1=5 x2=10 x3=15 x4=15 x5=0 x6=0 x7=0 x8=0 x9=0
---- NEG EDGE ---- WB WRITE: rd=5 data=15

================ CYCLE 12 =================
IF  : PCF = 00000020
ID  : InstrD = 00630463 | rs1=6 rs2=6 rd=8
EX  : RD1E=0 RD2E=5 Imm=1
FWD : ForwardAE=01 ForwardBE=00
ALU : Result=0
MEM : Addr=0 WriteData=0 ReadData=15
WB  : rd=5 data=15 we=1
REG : x1=5 x2=10 x3=15 x4=15 x5=15 x6=0 x7=0 x8=0 x9=0
---- NEG EDGE ---- WB WRITE: rd=0 data=0

================ CYCLE 13 =================
IF  : PCF = 00000024
ID  : InstrD = 3e700393 | rs1=0 rs2=7 rd=7
EX  : RD1E=0 RD2E=0 Imm=8
FWD : ForwardAE=10 ForwardBE=10
ALU : Result=20
MEM : Addr=20 WriteData=5 ReadData=15
WB  : rd=0 data=0 we=0
REG : x1=5 x2=10 x3=15 x4=15 x5=15 x6=0 x7=0 x8=0 x9=0
---- NEG EDGE ---- WB WRITE: rd=6 data=20

================ CYCLE 14 =================
IF  : PCF = 00000024
ID  : InstrD = 00000000 | rs1=0 rs2=0 rd=0
EX  : RD1E=0 RD2E=0 Imm=0
FWD : ForwardAE=00 ForwardBE=00
ALU : Result=40
MEM : Addr=40 WriteData=20 ReadData=x
WB  : rd=6 data=20 we=1
REG : x1=5 x2=10 x3=15 x4=15 x5=15 x6=20 x7=0 x8=0 x9=0
---- NEG EDGE ---- WB WRITE: rd=8 data=40

================ CYCLE 15 =================
IF  : PCF = 00000028
ID  : InstrD = 00100393 | rs1=0 rs2=1 rd=7
EX  : RD1E=0 RD2E=0 Imm=0
FWD : ForwardAE=00 ForwardBE=00
ALU : Result=0
MEM : Addr=0 WriteData=0 ReadData=x
WB  : rd=8 data=40 we=0
REG : x1=5 x2=10 x3=15 x4=15 x5=15 x6=20 x7=0 x8=0 x9=0
---- NEG EDGE ---- WB WRITE: rd=0 data=0

================ CYCLE 16 =================
IF  : PCF = 0000002c
ID  : InstrD = 00100463 | rs1=0 rs2=1 rd=8
EX  : RD1E=0 RD2E=5 Imm=1
FWD : ForwardAE=00 ForwardBE=00
ALU : Result=0
MEM : Addr=0 WriteData=0 ReadData=15
WB  : rd=0 data=0 we=0
REG : x1=5 x2=10 x3=15 x4=15 x5=15 x6=20 x7=0 x8=0 x9=0
---- NEG EDGE ---- WB WRITE: rd=0 data=0

================ CYCLE 17 =================
IF  : PCF = 00000030
ID  : InstrD = 00200413 | rs1=0 rs2=2 rd=8
EX  : RD1E=0 RD2E=5 Imm=8
FWD : ForwardAE=00 ForwardBE=00
ALU : Result=1
MEM : Addr=1 WriteData=5 ReadData=15
WB  : rd=0 data=0 we=0
REG : x1=5 x2=10 x3=15 x4=15 x5=15 x6=20 x7=0 x8=0 x9=0
---- NEG EDGE ---- WB WRITE: rd=7 data=1

================ CYCLE 18 =================
IF  : PCF = 00000034
ID  : InstrD = 002081b3 | rs1=1 rs2=2 rd=3
EX  : RD1E=0 RD2E=10 Imm=2
FWD : ForwardAE=00 ForwardBE=00
ALU : Result=5
MEM : Addr=5 WriteData=5 ReadData=15
WB  : rd=7 data=1 we=1
REG : x1=5 x2=10 x3=15 x4=15 x5=15 x6=20 x7=1 x8=0 x9=0
---- NEG EDGE ---- WB WRITE: rd=8 data=5

================ CYCLE 19 =================
IF  : PCF = 00000038
ID  : InstrD = 00330663 | rs1=6 rs2=3 rd=12
EX  : RD1E=5 RD2E=10 Imm=2
FWD : ForwardAE=00 ForwardBE=00
ALU : Result=2
MEM : Addr=2 WriteData=10 ReadData=x
WB  : rd=8 data=5 we=0
REG : x1=5 x2=10 x3=15 x4=15 x5=15 x6=20 x7=1 x8=0 x9=0
---- NEG EDGE ---- WB WRITE: rd=8 data=2

================ CYCLE 20 =================
IF  : PCF = 0000003c
ID  : InstrD = 3e800413 | rs1=0 rs2=8 rd=8
EX  : RD1E=20 RD2E=15 Imm=12
FWD : ForwardAE=00 ForwardBE=10
ALU : Result=15
MEM : Addr=15 WriteData=10 ReadData=15
WB  : rd=8 data=2 we=1
REG : x1=5 x2=10 x3=15 x4=15 x5=15 x6=20 x7=1 x8=2 x9=0
---- NEG EDGE ---- WB WRITE: rd=3 data=15

================ CYCLE 21 =================
IF  : PCF = 00000040
ID  : InstrD = 00200413 | rs1=0 rs2=2 rd=8
EX  : RD1E=0 RD2E=2 Imm=1000
FWD : ForwardAE=00 ForwardBE=00
ALU : Result=35
MEM : Addr=35 WriteData=15 ReadData=x
WB  : rd=3 data=15 we=1
REG : x1=5 x2=10 x3=15 x4=15 x5=15 x6=20 x7=1 x8=2 x9=0
---- NEG EDGE ---- WB WRITE: rd=12 data=35

================ CYCLE 22 =================
IF  : PCF = 00000044
ID  : InstrD = 008004ef | rs1=0 rs2=8 rd=9
EX  : RD1E=0 RD2E=10 Imm=2
FWD : ForwardAE=00 ForwardBE=00
ALU : Result=1000
MEM : Addr=1000 WriteData=2 ReadData=x
WB  : rd=12 data=35 we=0
REG : x1=5 x2=10 x3=15 x4=15 x5=15 x6=20 x7=1 x8=2 x9=0
---- NEG EDGE ---- WB WRITE: rd=8 data=1000

================ CYCLE 23 =================
IF  : PCF = 00000048
ID  : InstrD = 3e800513 | rs1=0 rs2=8 rd=10
EX  : RD1E=0 RD2E=2 Imm=8
FWD : ForwardAE=00 ForwardBE=10
ALU : Result=2
MEM : Addr=2 WriteData=10 ReadData=x
WB  : rd=8 data=1000 we=1
REG : x1=5 x2=10 x3=15 x4=15 x5=15 x6=20 x7=1 x8=1000 x9=0
---- NEG EDGE ---- WB WRITE: rd=8 data=2

================ CYCLE 24 =================
IF  : PCF = 00000048
ID  : InstrD = 00000000 | rs1=0 rs2=0 rd=0
EX  : RD1E=0 RD2E=0 Imm=0
FWD : ForwardAE=00 ForwardBE=00
ALU : Result=2
MEM : Addr=2 WriteData=2 ReadData=15
WB  : rd=8 data=2 we=1
REG : x1=5 x2=10 x3=15 x4=15 x5=15 x6=20 x7=1 x8=2 x9=0
---- NEG EDGE ---- WB WRITE: rd=9 data=68

================ CYCLE 25 =================
IF  : PCF = 0000004c
ID  : InstrD = 00300513 | rs1=0 rs2=3 rd=10
EX  : RD1E=0 RD2E=0 Imm=0
FWD : ForwardAE=00 ForwardBE=00
ALU : Result=0
MEM : Addr=0 WriteData=0 ReadData=15
WB  : rd=9 data=68 we=1
REG : x1=5 x2=10 x3=15 x4=15 x5=15 x6=20 x7=1 x8=2 x9=68
---- NEG EDGE ---- WB WRITE: rd=0 data=0

================ CYCLE 26 =================
IF  : PCF = 00000050
ID  : InstrD = 05400593 | rs1=0 rs2=20 rd=11
EX  : RD1E=0 RD2E=15 Imm=3
FWD : ForwardAE=00 ForwardBE=00
ALU : Result=0
MEM : Addr=0 WriteData=0 ReadData=15
WB  : rd=0 data=0 we=0
REG : x1=5 x2=10 x3=15 x4=15 x5=15 x6=20 x7=1 x8=2 x9=68
---- NEG EDGE ---- WB WRITE: rd=0 data=0

================ CYCLE 27 =================
IF  : PCF = 00000054
ID  : InstrD = 00058067 | rs1=11 rs2=0 rd=0
EX  : RD1E=0 RD2E=0 Imm=84
FWD : ForwardAE=00 ForwardBE=00
ALU : Result=3
MEM : Addr=3 WriteData=15 ReadData=15
WB  : rd=0 data=0 we=0
REG : x1=5 x2=10 x3=15 x4=15 x5=15 x6=20 x7=1 x8=2 x9=68
---- NEG EDGE ---- WB WRITE: rd=10 data=3

================ CYCLE 28 =================
IF  : PCF = 00000058
ID  : InstrD = 00208633 | rs1=1 rs2=2 rd=12
EX  : RD1E=0 RD2E=0 Imm=0
FWD : ForwardAE=10 ForwardBE=00
ALU : Result=84
MEM : Addr=84 WriteData=0 ReadData=15
WB  : rd=10 data=3 we=1
REG : x1=5 x2=10 x3=15 x4=15 x5=15 x6=20 x7=1 x8=2 x9=68
---- NEG EDGE ---- WB WRITE: rd=11 data=84

================ CYCLE 29 =================
IF  : PCF = 00000054
ID  : InstrD = 00000000 | rs1=0 rs2=0 rd=0
EX  : RD1E=0 RD2E=0 Imm=0
FWD : ForwardAE=00 ForwardBE=00
ALU : Result=84
MEM : Addr=84 WriteData=0 ReadData=x
WB  : rd=11 data=84 we=1
REG : x1=5 x2=10 x3=15 x4=15 x5=15 x6=20 x7=1 x8=2 x9=68
---- NEG EDGE ---- WB WRITE: rd=0 data=84

================ CYCLE 30 =================
IF  : PCF = 00000058
ID  : InstrD = 00208633 | rs1=1 rs2=2 rd=12
EX  : RD1E=0 RD2E=0 Imm=0
FWD : ForwardAE=00 ForwardBE=00
ALU : Result=0
MEM : Addr=0 WriteData=0 ReadData=x
WB  : rd=0 data=84 we=1
REG : x1=5 x2=10 x3=15 x4=15 x5=15 x6=20 x7=1 x8=2 x9=68
---- NEG EDGE ---- WB WRITE: rd=0 data=0

================ CYCLE 31 =================
IF  : PCF = 0000005c
ID  : InstrD = 00c02223 | rs1=0 rs2=12 rd=4
EX  : RD1E=5 RD2E=10 Imm=2
FWD : ForwardAE=00 ForwardBE=00
ALU : Result=0
MEM : Addr=0 WriteData=0 ReadData=15
WB  : rd=0 data=0 we=0
REG : x1=5 x2=10 x3=15 x4=15 x5=15 x6=20 x7=1 x8=2 x9=68
---- NEG EDGE ---- WB WRITE: rd=0 data=0

================ CYCLE 32 =================
IF  : PCF = 00000060
ID  : InstrD = 00002283 | rs1=0 rs2=0 rd=5
EX  : RD1E=0 RD2E=0 Imm=4
FWD : ForwardAE=00 ForwardBE=10
ALU : Result=15
MEM : Addr=15 WriteData=10 ReadData=15
WB  : rd=0 data=0 we=0
REG : x1=5 x2=10 x3=15 x4=15 x5=15 x6=20 x7=1 x8=2 x9=68
---- NEG EDGE ---- WB WRITE: rd=12 data=15

================ CYCLE 33 =================
IF  : PCF = 00000064
ID  : InstrD = 00528663 | rs1=5 rs2=5 rd=12
EX  : RD1E=0 RD2E=0 Imm=0
FWD : ForwardAE=00 ForwardBE=00
ALU : Result=4
MEM : Addr=4 WriteData=15 ReadData=x
WB  : rd=12 data=15 we=1
REG : x1=5 x2=10 x3=15 x4=15 x5=15 x6=20 x7=1 x8=2 x9=68
---- NEG EDGE ---- WB WRITE: rd=4 data=4

================ CYCLE 34 =================
IF  : PCF = 00000064
ID  : InstrD = 00528663 | rs1=5 rs2=5 rd=12
EX  : RD1E=0 RD2E=0 Imm=0
FWD : ForwardAE=00 ForwardBE=00
ALU : Result=0
MEM : Addr=0 WriteData=0 ReadData=x
WB  : rd=4 data=4 we=0
REG : x1=5 x2=10 x3=15 x4=15 x5=15 x6=20 x7=1 x8=2 x9=68
---- NEG EDGE ---- WB WRITE: rd=5 data=15

================ CYCLE 35 =================
IF  : PCF = 00000068
ID  : InstrD = 3e800613 | rs1=0 rs2=8 rd=12
EX  : RD1E=15 RD2E=15 Imm=12
FWD : ForwardAE=01 ForwardBE=01
ALU : Result=0
MEM : Addr=0 WriteData=0 ReadData=15
WB  : rd=5 data=15 we=1
REG : x1=5 x2=10 x3=15 x4=15 x5=15 x6=20 x7=1 x8=2 x9=68
---- NEG EDGE ---- WB WRITE: rd=0 data=0

================ CYCLE 36 =================
IF  : PCF = 0000006c
ID  : InstrD = 00000000 | rs1=0 rs2=0 rd=0
EX  : RD1E=0 RD2E=0 Imm=0
FWD : ForwardAE=00 ForwardBE=00
ALU : Result=30
MEM : Addr=30 WriteData=15 ReadData=15
WB  : rd=0 data=0 we=0
REG : x1=5 x2=10 x3=15 x4=15 x5=15 x6=20 x7=1 x8=2 x9=68
---- NEG EDGE ---- WB WRITE: rd=12 data=30

================ CYCLE 37 =================
IF  : PCF = 00000070
ID  : InstrD = 00000013 | rs1=0 rs2=0 rd=0
EX  : RD1E=0 RD2E=0 Imm=0
FWD : ForwardAE=00 ForwardBE=00
ALU : Result=0
MEM : Addr=0 WriteData=0 ReadData=x
WB  : rd=12 data=30 we=0
REG : x1=5 x2=10 x3=15 x4=15 x5=15 x6=20 x7=1 x8=2 x9=68
---- NEG EDGE ---- WB WRITE: rd=0 data=0

================ CYCLE 38 =================
IF  : PCF = 00000074
ID  : InstrD = 00000013 | rs1=0 rs2=0 rd=0
EX  : RD1E=0 RD2E=0 Imm=0
FWD : ForwardAE=00 ForwardBE=00
ALU : Result=0
MEM : Addr=0 WriteData=0 ReadData=15
WB  : rd=0 data=0 we=0
REG : x1=5 x2=10 x3=15 x4=15 x5=15 x6=20 x7=1 x8=2 x9=68
---- NEG EDGE ---- WB WRITE: rd=0 data=0

================ CYCLE 39 =================
IF  : PCF = 00000078
ID  : InstrD = xxxxxxxx | rs1=x rs2=x rd=x
EX  : RD1E=0 RD2E=0 Imm=0
FWD : ForwardAE=00 ForwardBE=00
ALU : Result=0
MEM : Addr=0 WriteData=0 ReadData=15
WB  : rd=0 data=0 we=0
REG : x1=5 x2=10 x3=15 x4=15 x5=15 x6=20 x7=1 x8=2 x9=68
---- NEG EDGE ---- WB WRITE: rd=0 data=0

================ CYCLE 40 =================
IF  : PCF = 0000007c
ID  : InstrD = xxxxxxxx | rs1=x rs2=x rd=x
EX  : RD1E=x RD2E=x Imm=x
FWD : ForwardAE=00 ForwardBE=00
ALU : Result=0
MEM : Addr=0 WriteData=0 ReadData=15
WB  : rd=0 data=0 we=1
REG : x1=5 x2=10 x3=15 x4=15 x5=15 x6=20 x7=1 x8=2 x9=68
---- NEG EDGE ---- WB WRITE: rd=0 data=0

================ CYCLE 41 =================
IF  : PCF = 00000080
ID  : InstrD = xxxxxxxx | rs1=x rs2=x rd=x
EX  : RD1E=x RD2E=x Imm=x
FWD : ForwardAE=00 ForwardBE=00
ALU : Result=x
MEM : Addr=x WriteData=x ReadData=15
WB  : rd=0 data=0 we=1
REG : x1=5 x2=10 x3=15 x4=15 x5=15 x6=20 x7=1 x8=2 x9=68
---- NEG EDGE ---- WB WRITE: rd=x data=x

================ CYCLE 42 =================
IF  : PCF = 00000084
ID  : InstrD = xxxxxxxx | rs1=x rs2=x rd=x
EX  : RD1E=x RD2E=x Imm=x
FWD : ForwardAE=00 ForwardBE=00
ALU : Result=x
MEM : Addr=x WriteData=x ReadData=x
WB  : rd=x data=x we=0
REG : x1=5 x2=10 x3=15 x4=15 x5=15 x6=20 x7=1 x8=2 x9=68
---- NEG EDGE ---- WB WRITE: rd=x data=x

================ CYCLE 43 =================
IF  : PCF = 00000088
ID  : InstrD = xxxxxxxx | rs1=x rs2=x rd=x
EX  : RD1E=x RD2E=x Imm=x
FWD : ForwardAE=00 ForwardBE=00
ALU : Result=x
MEM : Addr=x WriteData=x ReadData=x
WB  : rd=x data=x we=0
REG : x1=5 x2=10 x3=15 x4=15 x5=15 x6=20 x7=1 x8=2 x9=68
---- NEG EDGE ---- WB WRITE: rd=x data=x

================ CYCLE 44 =================
IF  : PCF = 0000008c
ID  : InstrD = xxxxxxxx | rs1=x rs2=x rd=x
EX  : RD1E=x RD2E=x Imm=x
FWD : ForwardAE=00 ForwardBE=00
ALU : Result=x
MEM : Addr=x WriteData=x ReadData=x
WB  : rd=x data=x we=0
REG : x1=5 x2=10 x3=15 x4=15 x5=15 x6=20 x7=1 x8=2 x9=68
---- NEG EDGE ---- WB WRITE: rd=x data=x

================ CYCLE 45 =================
IF  : PCF = 00000090
ID  : InstrD = xxxxxxxx | rs1=x rs2=x rd=x
EX  : RD1E=x RD2E=x Imm=x
FWD : ForwardAE=00 ForwardBE=00
ALU : Result=x
MEM : Addr=x WriteData=x ReadData=x
WB  : rd=x data=x we=0
REG : x1=5 x2=10 x3=15 x4=15 x5=15 x6=20 x7=1 x8=2 x9=68
---- NEG EDGE ---- WB WRITE: rd=x data=x

================ CYCLE 46 =================
IF  : PCF = 00000094
ID  : InstrD = xxxxxxxx | rs1=x rs2=x rd=x
EX  : RD1E=x RD2E=x Imm=x
FWD : ForwardAE=00 ForwardBE=00
ALU : Result=x
MEM : Addr=x WriteData=x ReadData=x
WB  : rd=x data=x we=0
REG : x1=5 x2=10 x3=15 x4=15 x5=15 x6=20 x7=1 x8=2 x9=68
---- NEG EDGE ---- WB WRITE: rd=x data=x

================ CYCLE 47 =================
IF  : PCF = 00000098
ID  : InstrD = xxxxxxxx | rs1=x rs2=x rd=x
EX  : RD1E=x RD2E=x Imm=x
FWD : ForwardAE=00 ForwardBE=00
ALU : Result=x
MEM : Addr=x WriteData=x ReadData=x
WB  : rd=x data=x we=0
REG : x1=5 x2=10 x3=15 x4=15 x5=15 x6=20 x7=1 x8=2 x9=68
---- NEG EDGE ---- WB WRITE: rd=x data=x

================ CYCLE 48 =================
IF  : PCF = 0000009c
ID  : InstrD = xxxxxxxx | rs1=x rs2=x rd=x
EX  : RD1E=x RD2E=x Imm=x
FWD : ForwardAE=00 ForwardBE=00
ALU : Result=x
MEM : Addr=x WriteData=x ReadData=x
WB  : rd=x data=x we=0
REG : x1=5 x2=10 x3=15 x4=15 x5=15 x6=20 x7=1 x8=2 x9=68
---- NEG EDGE ---- WB WRITE: rd=x data=x

================ CYCLE 49 =================
IF  : PCF = 000000a0
ID  : InstrD = xxxxxxxx | rs1=x rs2=x rd=x
EX  : RD1E=x RD2E=x Imm=x
FWD : ForwardAE=00 ForwardBE=00
ALU : Result=x
MEM : Addr=x WriteData=x ReadData=x
WB  : rd=x data=x we=0
REG : x1=5 x2=10 x3=15 x4=15 x5=15 x6=20 x7=1 x8=2 x9=68
---- NEG EDGE ---- WB WRITE: rd=x data=x

================ CYCLE 50 =================
IF  : PCF = 000000a4
ID  : InstrD = xxxxxxxx | rs1=x rs2=x rd=x
EX  : RD1E=x RD2E=x Imm=x
FWD : ForwardAE=00 ForwardBE=00
ALU : Result=x
MEM : Addr=x WriteData=x ReadData=x
WB  : rd=x data=x we=0
REG : x1=5 x2=10 x3=15 x4=15 x5=15 x6=20 x7=1 x8=2 x9=68
---- NEG EDGE ---- WB WRITE: rd=x data=x

================ CYCLE 51 =================
IF  : PCF = 000000a8
ID  : InstrD = xxxxxxxx | rs1=x rs2=x rd=x
EX  : RD1E=x RD2E=x Imm=x
FWD : ForwardAE=00 ForwardBE=00
ALU : Result=x
MEM : Addr=x WriteData=x ReadData=x
WB  : rd=x data=x we=0
REG : x1=5 x2=10 x3=15 x4=15 x5=15 x6=20 x7=1 x8=2 x9=68
---- NEG EDGE ---- WB WRITE: rd=x data=x

================ CYCLE 52 =================
IF  : PCF = 000000ac
ID  : InstrD = xxxxxxxx | rs1=x rs2=x rd=x
EX  : RD1E=x RD2E=x Imm=x
FWD : ForwardAE=00 ForwardBE=00
ALU : Result=x
MEM : Addr=x WriteData=x ReadData=x
WB  : rd=x data=x we=0
REG : x1=5 x2=10 x3=15 x4=15 x5=15 x6=20 x7=1 x8=2 x9=68
---- NEG EDGE ---- WB WRITE: rd=x data=x

================ CYCLE 53 =================
IF  : PCF = 000000b0
ID  : InstrD = xxxxxxxx | rs1=x rs2=x rd=x
EX  : RD1E=x RD2E=x Imm=x
FWD : ForwardAE=00 ForwardBE=00
ALU : Result=x
MEM : Addr=x WriteData=x ReadData=x
WB  : rd=x data=x we=0
REG : x1=5 x2=10 x3=15 x4=15 x5=15 x6=20 x7=1 x8=2 x9=68
---- NEG EDGE ---- WB WRITE: rd=x data=x

================ CYCLE 54 =================
IF  : PCF = 000000b4
ID  : InstrD = xxxxxxxx | rs1=x rs2=x rd=x
EX  : RD1E=x RD2E=x Imm=x
FWD : ForwardAE=00 ForwardBE=00
ALU : Result=x
MEM : Addr=x WriteData=x ReadData=x
WB  : rd=x data=x we=0
REG : x1=5 x2=10 x3=15 x4=15 x5=15 x6=20 x7=1 x8=2 x9=68
---- NEG EDGE ---- WB WRITE: rd=x data=x

================ CYCLE 55 =================
IF  : PCF = 000000b8
ID  : InstrD = xxxxxxxx | rs1=x rs2=x rd=x
EX  : RD1E=x RD2E=x Imm=x
FWD : ForwardAE=00 ForwardBE=00
ALU : Result=x
MEM : Addr=x WriteData=x ReadData=x
WB  : rd=x data=x we=0
REG : x1=5 x2=10 x3=15 x4=15 x5=15 x6=20 x7=1 x8=2 x9=68
---- NEG EDGE ---- WB WRITE: rd=x data=x

================ CYCLE 56 =================
IF  : PCF = 000000bc
ID  : InstrD = xxxxxxxx | rs1=x rs2=x rd=x
EX  : RD1E=x RD2E=x Imm=x
FWD : ForwardAE=00 ForwardBE=00
ALU : Result=x
MEM : Addr=x WriteData=x ReadData=x
WB  : rd=x data=x we=0
REG : x1=5 x2=10 x3=15 x4=15 x5=15 x6=20 x7=1 x8=2 x9=68
---- NEG EDGE ---- WB WRITE: rd=x data=x

================ CYCLE 57 =================
IF  : PCF = 000000c0
ID  : InstrD = xxxxxxxx | rs1=x rs2=x rd=x
EX  : RD1E=x RD2E=x Imm=x
FWD : ForwardAE=00 ForwardBE=00
ALU : Result=x
MEM : Addr=x WriteData=x ReadData=x
WB  : rd=x data=x we=0
REG : x1=5 x2=10 x3=15 x4=15 x5=15 x6=20 x7=1 x8=2 x9=68
---- NEG EDGE ---- WB WRITE: rd=x data=x

================ CYCLE 58 =================
IF  : PCF = 000000c4
ID  : InstrD = xxxxxxxx | rs1=x rs2=x rd=x
EX  : RD1E=x RD2E=x Imm=x
FWD : ForwardAE=00 ForwardBE=00
ALU : Result=x
MEM : Addr=x WriteData=x ReadData=x
WB  : rd=x data=x we=0
REG : x1=5 x2=10 x3=15 x4=15 x5=15 x6=20 x7=1 x8=2 x9=68
---- NEG EDGE ---- WB WRITE: rd=x data=x

================ CYCLE 59 =================
IF  : PCF = 000000c8
ID  : InstrD = xxxxxxxx | rs1=x rs2=x rd=x
EX  : RD1E=x RD2E=x Imm=x
FWD : ForwardAE=00 ForwardBE=00
ALU : Result=x
MEM : Addr=x WriteData=x ReadData=x
WB  : rd=x data=x we=0
REG : x1=5 x2=10 x3=15 x4=15 x5=15 x6=20 x7=1 x8=2 x9=68
---- NEG EDGE ---- WB WRITE: rd=x data=x

================ CYCLE 60 =================
IF  : PCF = 000000cc
ID  : InstrD = xxxxxxxx | rs1=x rs2=x rd=x
EX  : RD1E=x RD2E=x Imm=x
FWD : ForwardAE=00 ForwardBE=00
ALU : Result=x
MEM : Addr=x WriteData=x ReadData=x
WB  : rd=x data=x we=0
REG : x1=5 x2=10 x3=15 x4=15 x5=15 x6=20 x7=1 x8=2 x9=68
---- NEG EDGE ---- WB WRITE: rd=x data=x

================ CYCLE 61 =================
IF  : PCF = 000000d0
ID  : InstrD = xxxxxxxx | rs1=x rs2=x rd=x
EX  : RD1E=x RD2E=x Imm=x
FWD : ForwardAE=00 ForwardBE=00
ALU : Result=x
MEM : Addr=x WriteData=x ReadData=x
WB  : rd=x data=x we=0
REG : x1=5 x2=10 x3=15 x4=15 x5=15 x6=20 x7=1 x8=2 x9=68
---- NEG EDGE ---- WB WRITE: rd=x data=x

================ CYCLE 62 =================
IF  : PCF = 000000d4
ID  : InstrD = xxxxxxxx | rs1=x rs2=x rd=x
EX  : RD1E=x RD2E=x Imm=x
FWD : ForwardAE=00 ForwardBE=00
ALU : Result=x
MEM : Addr=x WriteData=x ReadData=x
WB  : rd=x data=x we=0
REG : x1=5 x2=10 x3=15 x4=15 x5=15 x6=20 x7=1 x8=2 x9=68
---- NEG EDGE ---- WB WRITE: rd=x data=x

================ CYCLE 63 =================
IF  : PCF = 000000d8
ID  : InstrD = xxxxxxxx | rs1=x rs2=x rd=x
EX  : RD1E=x RD2E=x Imm=x
FWD : ForwardAE=00 ForwardBE=00
ALU : Result=x
MEM : Addr=x WriteData=x ReadData=x
WB  : rd=x data=x we=0
REG : x1=5 x2=10 x3=15 x4=15 x5=15 x6=20 x7=1 x8=2 x9=68
---- NEG EDGE ---- WB WRITE: rd=x data=x

================ CYCLE 64 =================
IF  : PCF = 000000dc
ID  : InstrD = xxxxxxxx | rs1=x rs2=x rd=x
EX  : RD1E=x RD2E=x Imm=x
FWD : ForwardAE=00 ForwardBE=00
ALU : Result=x
MEM : Addr=x WriteData=x ReadData=x
WB  : rd=x data=x we=0
REG : x1=5 x2=10 x3=15 x4=15 x5=15 x6=20 x7=1 x8=2 x9=68
---- NEG EDGE ---- WB WRITE: rd=x data=x

================ CYCLE 65 =================
IF  : PCF = 000000e0
ID  : InstrD = xxxxxxxx | rs1=x rs2=x rd=x
EX  : RD1E=x RD2E=x Imm=x
FWD : ForwardAE=00 ForwardBE=00
ALU : Result=x
MEM : Addr=x WriteData=x ReadData=x
WB  : rd=x data=x we=0
REG : x1=5 x2=10 x3=15 x4=15 x5=15 x6=20 x7=1 x8=2 x9=68
---- NEG EDGE ---- WB WRITE: rd=x data=x

================ CYCLE 66 =================
IF  : PCF = 000000e4
ID  : InstrD = xxxxxxxx | rs1=x rs2=x rd=x
EX  : RD1E=x RD2E=x Imm=x
FWD : ForwardAE=00 ForwardBE=00
ALU : Result=x
MEM : Addr=x WriteData=x ReadData=x
WB  : rd=x data=x we=0
REG : x1=5 x2=10 x3=15 x4=15 x5=15 x6=20 x7=1 x8=2 x9=68
---- NEG EDGE ---- WB WRITE: rd=x data=x

================ CYCLE 67 =================
IF  : PCF = 000000e8
ID  : InstrD = xxxxxxxx | rs1=x rs2=x rd=x
EX  : RD1E=x RD2E=x Imm=x
FWD : ForwardAE=00 ForwardBE=00
ALU : Result=x
MEM : Addr=x WriteData=x ReadData=x
WB  : rd=x data=x we=0
REG : x1=5 x2=10 x3=15 x4=15 x5=15 x6=20 x7=1 x8=2 x9=68
---- NEG EDGE ---- WB WRITE: rd=x data=x

================ CYCLE 68 =================
IF  : PCF = 000000ec
ID  : InstrD = xxxxxxxx | rs1=x rs2=x rd=x
EX  : RD1E=x RD2E=x Imm=x
FWD : ForwardAE=00 ForwardBE=00
ALU : Result=x
MEM : Addr=x WriteData=x ReadData=x
WB  : rd=x data=x we=0
REG : x1=5 x2=10 x3=15 x4=15 x5=15 x6=20 x7=1 x8=2 x9=68
---- NEG EDGE ---- WB WRITE: rd=x data=x

================ CYCLE 69 =================
IF  : PCF = 000000f0
ID  : InstrD = xxxxxxxx | rs1=x rs2=x rd=x
EX  : RD1E=x RD2E=x Imm=x
FWD : ForwardAE=00 ForwardBE=00
ALU : Result=x
MEM : Addr=x WriteData=x ReadData=x
WB  : rd=x data=x we=0
REG : x1=5 x2=10 x3=15 x4=15 x5=15 x6=20 x7=1 x8=2 x9=68
---- NEG EDGE ---- WB WRITE: rd=x data=x

================ CYCLE 70 =================
IF  : PCF = 000000f4
ID  : InstrD = xxxxxxxx | rs1=x rs2=x rd=x
EX  : RD1E=x RD2E=x Imm=x
FWD : ForwardAE=00 ForwardBE=00
ALU : Result=x
MEM : Addr=x WriteData=x ReadData=x
WB  : rd=x data=x we=0
REG : x1=5 x2=10 x3=15 x4=15 x5=15 x6=20 x7=1 x8=2 x9=68
---- NEG EDGE ---- WB WRITE: rd=x data=x

================ CYCLE 71 =================
IF  : PCF = 000000f8
ID  : InstrD = xxxxxxxx | rs1=x rs2=x rd=x
EX  : RD1E=x RD2E=x Imm=x
FWD : ForwardAE=00 ForwardBE=00
ALU : Result=x
MEM : Addr=x WriteData=x ReadData=x
WB  : rd=x data=x we=0
REG : x1=5 x2=10 x3=15 x4=15 x5=15 x6=20 x7=1 x8=2 x9=68
---- NEG EDGE ---- WB WRITE: rd=x data=x

================ CYCLE 72 =================
IF  : PCF = 000000fc
ID  : InstrD = xxxxxxxx | rs1=x rs2=x rd=x
EX  : RD1E=x RD2E=x Imm=x
FWD : ForwardAE=00 ForwardBE=00
ALU : Result=x
MEM : Addr=x WriteData=x ReadData=x
WB  : rd=x data=x we=0
REG : x1=5 x2=10 x3=15 x4=15 x5=15 x6=20 x7=1 x8=2 x9=68
---- NEG EDGE ---- WB WRITE: rd=x data=x

================ CYCLE 73 =================
IF  : PCF = 00000100
ID  : InstrD = xxxxxxxx | rs1=x rs2=x rd=x
EX  : RD1E=x RD2E=x Imm=x
FWD : ForwardAE=00 ForwardBE=00
ALU : Result=x
MEM : Addr=x WriteData=x ReadData=x
WB  : rd=x data=x we=0
REG : x1=5 x2=10 x3=15 x4=15 x5=15 x6=20 x7=1 x8=2 x9=68
---- NEG EDGE ---- WB WRITE: rd=x data=x

================ CYCLE 74 =================
IF  : PCF = 00000104
ID  : InstrD = xxxxxxxx | rs1=x rs2=x rd=x
EX  : RD1E=x RD2E=x Imm=x
FWD : ForwardAE=00 ForwardBE=00
ALU : Result=x
MEM : Addr=x WriteData=x ReadData=x
WB  : rd=x data=x we=0
REG : x1=5 x2=10 x3=15 x4=15 x5=15 x6=20 x7=1 x8=2 x9=68
---- NEG EDGE ---- WB WRITE: rd=x data=x

================ CYCLE 75 =================
IF  : PCF = 00000108
ID  : InstrD = xxxxxxxx | rs1=x rs2=x rd=x
EX  : RD1E=x RD2E=x Imm=x
FWD : ForwardAE=00 ForwardBE=00
ALU : Result=x
MEM : Addr=x WriteData=x ReadData=x
WB  : rd=x data=x we=0
REG : x1=5 x2=10 x3=15 x4=15 x5=15 x6=20 x7=1 x8=2 x9=68
---- NEG EDGE ---- WB WRITE: rd=x data=x

================ CYCLE 76 =================
IF  : PCF = 0000010c
ID  : InstrD = xxxxxxxx | rs1=x rs2=x rd=x
EX  : RD1E=x RD2E=x Imm=x
FWD : ForwardAE=00 ForwardBE=00
ALU : Result=x
MEM : Addr=x WriteData=x ReadData=x
WB  : rd=x data=x we=0
REG : x1=5 x2=10 x3=15 x4=15 x5=15 x6=20 x7=1 x8=2 x9=68
---- NEG EDGE ---- WB WRITE: rd=x data=x

================ CYCLE 77 =================
IF  : PCF = 00000110
ID  : InstrD = xxxxxxxx | rs1=x rs2=x rd=x
EX  : RD1E=x RD2E=x Imm=x
FWD : ForwardAE=00 ForwardBE=00
ALU : Result=x
MEM : Addr=x WriteData=x ReadData=x
WB  : rd=x data=x we=0
REG : x1=5 x2=10 x3=15 x4=15 x5=15 x6=20 x7=1 x8=2 x9=68
---- NEG EDGE ---- WB WRITE: rd=x data=x

================ CYCLE 78 =================
IF  : PCF = 00000114
ID  : InstrD = xxxxxxxx | rs1=x rs2=x rd=x
EX  : RD1E=x RD2E=x Imm=x
FWD : ForwardAE=00 ForwardBE=00
ALU : Result=x
MEM : Addr=x WriteData=x ReadData=x
WB  : rd=x data=x we=0
REG : x1=5 x2=10 x3=15 x4=15 x5=15 x6=20 x7=1 x8=2 x9=68
---- NEG EDGE ---- WB WRITE: rd=x data=x

================ CYCLE 79 =================
IF  : PCF = 00000118
ID  : InstrD = xxxxxxxx | rs1=x rs2=x rd=x
EX  : RD1E=x RD2E=x Imm=x
FWD : ForwardAE=00 ForwardBE=00
ALU : Result=x
MEM : Addr=x WriteData=x ReadData=x
WB  : rd=x data=x we=0
REG : x1=5 x2=10 x3=15 x4=15 x5=15 x6=20 x7=1 x8=2 x9=68
---- NEG EDGE ---- WB WRITE: rd=x data=x

================ CYCLE 80 =================
IF  : PCF = 0000011c
ID  : InstrD = xxxxxxxx | rs1=x rs2=x rd=x
EX  : RD1E=x RD2E=x Imm=x
FWD : ForwardAE=00 ForwardBE=00
ALU : Result=x
MEM : Addr=x WriteData=x ReadData=x
WB  : rd=x data=x we=0
REG : x1=5 x2=10 x3=15 x4=15 x5=15 x6=20 x7=1 x8=2 x9=68
---- NEG EDGE ---- WB WRITE: rd=x data=x

================ CYCLE 81 =================
IF  : PCF = 00000120
ID  : InstrD = xxxxxxxx | rs1=x rs2=x rd=x
EX  : RD1E=x RD2E=x Imm=x
FWD : ForwardAE=00 ForwardBE=00
ALU : Result=x
MEM : Addr=x WriteData=x ReadData=x
WB  : rd=x data=x we=0
REG : x1=5 x2=10 x3=15 x4=15 x5=15 x6=20 x7=1 x8=2 x9=68
---- NEG EDGE ---- WB WRITE: rd=x data=x

================ CYCLE 82 =================
IF  : PCF = 00000124
ID  : InstrD = xxxxxxxx | rs1=x rs2=x rd=x
EX  : RD1E=x RD2E=x Imm=x
FWD : ForwardAE=00 ForwardBE=00
ALU : Result=x
MEM : Addr=x WriteData=x ReadData=x
WB  : rd=x data=x we=0
REG : x1=5 x2=10 x3=15 x4=15 x5=15 x6=20 x7=1 x8=2 x9=68
---- NEG EDGE ---- WB WRITE: rd=x data=x

================ CYCLE 83 =================
IF  : PCF = 00000128
ID  : InstrD = xxxxxxxx | rs1=x rs2=x rd=x
EX  : RD1E=x RD2E=x Imm=x
FWD : ForwardAE=00 ForwardBE=00
ALU : Result=x
MEM : Addr=x WriteData=x ReadData=x
WB  : rd=x data=x we=0
REG : x1=5 x2=10 x3=15 x4=15 x5=15 x6=20 x7=1 x8=2 x9=68
---- NEG EDGE ---- WB WRITE: rd=x data=x

================ CYCLE 84 =================
IF  : PCF = 0000012c
ID  : InstrD = xxxxxxxx | rs1=x rs2=x rd=x
EX  : RD1E=x RD2E=x Imm=x
FWD : ForwardAE=00 ForwardBE=00
ALU : Result=x
MEM : Addr=x WriteData=x ReadData=x
WB  : rd=x data=x we=0
REG : x1=5 x2=10 x3=15 x4=15 x5=15 x6=20 x7=1 x8=2 x9=68
---- NEG EDGE ---- WB WRITE: rd=x data=x

================ CYCLE 85 =================
IF  : PCF = 00000130
ID  : InstrD = xxxxxxxx | rs1=x rs2=x rd=x
EX  : RD1E=x RD2E=x Imm=x
FWD : ForwardAE=00 ForwardBE=00
ALU : Result=x
MEM : Addr=x WriteData=x ReadData=x
WB  : rd=x data=x we=0
REG : x1=5 x2=10 x3=15 x4=15 x5=15 x6=20 x7=1 x8=2 x9=68
---- NEG EDGE ---- WB WRITE: rd=x data=x

================ CYCLE 86 =================
IF  : PCF = 00000134
ID  : InstrD = xxxxxxxx | rs1=x rs2=x rd=x
EX  : RD1E=x RD2E=x Imm=x
FWD : ForwardAE=00 ForwardBE=00
ALU : Result=x
MEM : Addr=x WriteData=x ReadData=x
WB  : rd=x data=x we=0
REG : x1=5 x2=10 x3=15 x4=15 x5=15 x6=20 x7=1 x8=2 x9=68
---- NEG EDGE ---- WB WRITE: rd=x data=x

================ CYCLE 87 =================
IF  : PCF = 00000138
ID  : InstrD = xxxxxxxx | rs1=x rs2=x rd=x
EX  : RD1E=x RD2E=x Imm=x
FWD : ForwardAE=00 ForwardBE=00
ALU : Result=x
MEM : Addr=x WriteData=x ReadData=x
WB  : rd=x data=x we=0
REG : x1=5 x2=10 x3=15 x4=15 x5=15 x6=20 x7=1 x8=2 x9=68
---- NEG EDGE ---- WB WRITE: rd=x data=x

================ CYCLE 88 =================
IF  : PCF = 0000013c
ID  : InstrD = xxxxxxxx | rs1=x rs2=x rd=x
EX  : RD1E=x RD2E=x Imm=x
FWD : ForwardAE=00 ForwardBE=00
ALU : Result=x
MEM : Addr=x WriteData=x ReadData=x
WB  : rd=x data=x we=0
REG : x1=5 x2=10 x3=15 x4=15 x5=15 x6=20 x7=1 x8=2 x9=68
---- NEG EDGE ---- WB WRITE: rd=x data=x

================ CYCLE 89 =================
IF  : PCF = 00000140
ID  : InstrD = xxxxxxxx | rs1=x rs2=x rd=x
EX  : RD1E=x RD2E=x Imm=x
FWD : ForwardAE=00 ForwardBE=00
ALU : Result=x
MEM : Addr=x WriteData=x ReadData=x
WB  : rd=x data=x we=0
REG : x1=5 x2=10 x3=15 x4=15 x5=15 x6=20 x7=1 x8=2 x9=68
---- NEG EDGE ---- WB WRITE: rd=x data=x

================ CYCLE 90 =================
IF  : PCF = 00000144
ID  : InstrD = xxxxxxxx | rs1=x rs2=x rd=x
EX  : RD1E=x RD2E=x Imm=x
FWD : ForwardAE=00 ForwardBE=00
ALU : Result=x
MEM : Addr=x WriteData=x ReadData=x
WB  : rd=x data=x we=0
REG : x1=5 x2=10 x3=15 x4=15 x5=15 x6=20 x7=1 x8=2 x9=68
---- NEG EDGE ---- WB WRITE: rd=x data=x

================ CYCLE 91 =================
IF  : PCF = 00000148
ID  : InstrD = xxxxxxxx | rs1=x rs2=x rd=x
EX  : RD1E=x RD2E=x Imm=x
FWD : ForwardAE=00 ForwardBE=00
ALU : Result=x
MEM : Addr=x WriteData=x ReadData=x
WB  : rd=x data=x we=0
REG : x1=5 x2=10 x3=15 x4=15 x5=15 x6=20 x7=1 x8=2 x9=68
---- NEG EDGE ---- WB WRITE: rd=x data=x

================ CYCLE 92 =================
IF  : PCF = 0000014c
ID  : InstrD = xxxxxxxx | rs1=x rs2=x rd=x
EX  : RD1E=x RD2E=x Imm=x
FWD : ForwardAE=00 ForwardBE=00
ALU : Result=x
MEM : Addr=x WriteData=x ReadData=x
WB  : rd=x data=x we=0
REG : x1=5 x2=10 x3=15 x4=15 x5=15 x6=20 x7=1 x8=2 x9=68
---- NEG EDGE ---- WB WRITE: rd=x data=x

================ CYCLE 93 =================
IF  : PCF = 00000150
ID  : InstrD = xxxxxxxx | rs1=x rs2=x rd=x
EX  : RD1E=x RD2E=x Imm=x
FWD : ForwardAE=00 ForwardBE=00
ALU : Result=x
MEM : Addr=x WriteData=x ReadData=x
WB  : rd=x data=x we=0
REG : x1=5 x2=10 x3=15 x4=15 x5=15 x6=20 x7=1 x8=2 x9=68
---- NEG EDGE ---- WB WRITE: rd=x data=x

================ CYCLE 94 =================
IF  : PCF = 00000154
ID  : InstrD = xxxxxxxx | rs1=x rs2=x rd=x
EX  : RD1E=x RD2E=x Imm=x
FWD : ForwardAE=00 ForwardBE=00
ALU : Result=x
MEM : Addr=x WriteData=x ReadData=x
WB  : rd=x data=x we=0
REG : x1=5 x2=10 x3=15 x4=15 x5=15 x6=20 x7=1 x8=2 x9=68
---- NEG EDGE ---- WB WRITE: rd=x data=x

================ CYCLE 95 =================
IF  : PCF = 00000158
ID  : InstrD = xxxxxxxx | rs1=x rs2=x rd=x
EX  : RD1E=x RD2E=x Imm=x
FWD : ForwardAE=00 ForwardBE=00
ALU : Result=x
MEM : Addr=x WriteData=x ReadData=x
WB  : rd=x data=x we=0
REG : x1=5 x2=10 x3=15 x4=15 x5=15 x6=20 x7=1 x8=2 x9=68
---- NEG EDGE ---- WB WRITE: rd=x data=x

================ CYCLE 96 =================
IF  : PCF = 0000015c
ID  : InstrD = xxxxxxxx | rs1=x rs2=x rd=x
EX  : RD1E=x RD2E=x Imm=x
FWD : ForwardAE=00 ForwardBE=00
ALU : Result=x
MEM : Addr=x WriteData=x ReadData=x
WB  : rd=x data=x we=0
REG : x1=5 x2=10 x3=15 x4=15 x5=15 x6=20 x7=1 x8=2 x9=68
---- NEG EDGE ---- WB WRITE: rd=x data=x

================ CYCLE 97 =================
IF  : PCF = 00000160
ID  : InstrD = xxxxxxxx | rs1=x rs2=x rd=x
EX  : RD1E=x RD2E=x Imm=x
FWD : ForwardAE=00 ForwardBE=00
ALU : Result=x
MEM : Addr=x WriteData=x ReadData=x
WB  : rd=x data=x we=0
REG : x1=5 x2=10 x3=15 x4=15 x5=15 x6=20 x7=1 x8=2 x9=68
---- NEG EDGE ---- WB WRITE: rd=x data=x

================ CYCLE 98 =================
IF  : PCF = 00000164
ID  : InstrD = xxxxxxxx | rs1=x rs2=x rd=x
EX  : RD1E=x RD2E=x Imm=x
FWD : ForwardAE=00 ForwardBE=00
ALU : Result=x
MEM : Addr=x WriteData=x ReadData=x
WB  : rd=x data=x we=0
REG : x1=5 x2=10 x3=15 x4=15 x5=15 x6=20 x7=1 x8=2 x9=68
---- NEG EDGE ---- WB WRITE: rd=x data=x

================ CYCLE 99 =================
IF  : PCF = 00000168
ID  : InstrD = xxxxxxxx | rs1=x rs2=x rd=x
EX  : RD1E=x RD2E=x Imm=x
FWD : ForwardAE=00 ForwardBE=00
ALU : Result=x
MEM : Addr=x WriteData=x ReadData=x
WB  : rd=x data=x we=0
REG : x1=5 x2=10 x3=15 x4=15 x5=15 x6=20 x7=1 x8=2 x9=68
---- NEG EDGE ---- WB WRITE: rd=x data=x

================ CYCLE 100 =================
IF  : PCF = 0000016c
ID  : InstrD = xxxxxxxx | rs1=x rs2=x rd=x
EX  : RD1E=x RD2E=x Imm=x
FWD : ForwardAE=00 ForwardBE=00
ALU : Result=x
MEM : Addr=x WriteData=x ReadData=x
WB  : rd=x data=x we=0
REG : x1=5 x2=10 x3=15 x4=15 x5=15 x6=20 x7=1 x8=2 x9=68
---- NEG EDGE ---- WB WRITE: rd=x data=x
INFO: [USF-XSim-96] XSim completed. Design snapshot 'tb_riscv_behav' loaded.
INFO: [USF-XSim-97] XSim simulation ran for 1000ns
launch_simulation: Time (s): cpu = 00:00:04 ; elapsed = 00:00:11 . Memory (MB): peak = 1277.590 ; gain = 19.078
close_sim
INFO: [Simtcl 6-16] Simulation closed
launch_simulation
Command: launch_simulation 
INFO: [Vivado 12-12493] Simulation top is 'tb_riscv'
WARNING: [Vivado 12-13340] Unable to auto find GCC executables from simulator install path! (path not set)
INFO: [Vivado 12-5682] Launching behavioral simulation in 'C:/Users/krush/Music/RISC_V_PIPELINED/RISC_V_PROCESSOR.sim/sim_1/behav/xsim'
INFO: [SIM-utils-51] Simulation object is 'sim_1'
INFO: [SIM-utils-72] Using boost library from 'C:/Xilinx/Vivado/2024.2/tps/boost_1_72_0'
INFO: [SIM-utils-54] Inspecting design source files for 'tb_riscv' in fileset 'sim_1'...
INFO: [USF-XSim-97] Finding global include files...
INFO: [USF-XSim-98] Fetching design files from 'sim_1'...
INFO: [USF-XSim-2] XSim::Compile design
INFO: [USF-XSim-61] Executing 'COMPILE and ANALYZE' step in 'C:/Users/krush/Music/RISC_V_PIPELINED/RISC_V_PROCESSOR.sim/sim_1/behav/xsim'
"xvlog --incr --relax -prj tb_riscv_vlog.prj"
INFO: [VRFC 10-2263] Analyzing Verilog file "C:/Users/krush/Music/RISC_V_PIPELINED/RISC_V_PROCESSOR.srcs/sources_1/new/ALU.v" into library xil_defaultlib
INFO: [VRFC 10-311] analyzing module ALU
INFO: [VRFC 10-2263] Analyzing Verilog file "C:/Users/krush/Music/RISC_V_PIPELINED/RISC_V_PROCESSOR.srcs/sources_1/new/Control_unit.v" into library xil_defaultlib
INFO: [VRFC 10-311] analyzing module Control_unit
INFO: [VRFC 10-2263] Analyzing Verilog file "C:/Users/krush/Music/RISC_V_PIPELINED/RISC_V_PROCESSOR.srcs/sources_1/new/D_FF.v" into library xil_defaultlib
INFO: [VRFC 10-311] analyzing module D_FF
INFO: [VRFC 10-2263] Analyzing Verilog file "C:/Users/krush/Music/RISC_V_PIPELINED/RISC_V_PROCESSOR.srcs/sources_1/new/D_FF_enable.v" into library xil_defaultlib
INFO: [VRFC 10-311] analyzing module D_FF_enable
INFO: [VRFC 10-2263] Analyzing Verilog file "C:/Users/krush/Music/RISC_V_PIPELINED/RISC_V_PROCESSOR.srcs/sources_1/new/D_FF_enable_Flush.v" into library xil_defaultlib
INFO: [VRFC 10-311] analyzing module D_FF_enable_Flush
INFO: [VRFC 10-2263] Analyzing Verilog file "C:/Users/krush/Music/RISC_V_PIPELINED/RISC_V_PROCESSOR.srcs/sources_1/new/D_FF_flush.v" into library xil_defaultlib
INFO: [VRFC 10-311] analyzing module D_FF_flush
INFO: [VRFC 10-2263] Analyzing Verilog file "C:/Users/krush/Music/RISC_V_PIPELINED/RISC_V_PROCESSOR.srcs/sources_1/new/Data_mem.v" into library xil_defaultlib
INFO: [VRFC 10-311] analyzing module Data_mem
INFO: [VRFC 10-2263] Analyzing Verilog file "C:/Users/krush/Music/RISC_V_PIPELINED/RISC_V_PROCESSOR.srcs/sources_1/new/Imm_gen.v" into library xil_defaultlib
INFO: [VRFC 10-311] analyzing module Imm_gen
INFO: [VRFC 10-2263] Analyzing Verilog file "C:/Users/krush/Music/RISC_V_PIPELINED/RISC_V_PROCESSOR.srcs/sources_1/new/Instr_mem.v" into library xil_defaultlib
INFO: [VRFC 10-311] analyzing module Instr_mem
INFO: [VRFC 10-2263] Analyzing Verilog file "C:/Users/krush/Music/RISC_V_PIPELINED/RISC_V_PROCESSOR.srcs/sources_1/new/Register_file.v" into library xil_defaultlib
INFO: [VRFC 10-311] analyzing module Register_file
INFO: [VRFC 10-2263] Analyzing Verilog file "C:/Users/krush/Music/RISC_V_PIPELINED/RISC_V_PROCESSOR.srcs/sources_1/new/decode_cycle.v" into library xil_defaultlib
INFO: [VRFC 10-311] analyzing module decode_cycle
INFO: [VRFC 10-2263] Analyzing Verilog file "C:/Users/krush/Music/RISC_V_PIPELINED/RISC_V_PROCESSOR.srcs/sources_1/new/execute_cycle.v" into library xil_defaultlib
INFO: [VRFC 10-311] analyzing module execute_cycle
INFO: [VRFC 10-2263] Analyzing Verilog file "C:/Users/krush/Music/RISC_V_PIPELINED/RISC_V_PROCESSOR.srcs/sources_1/new/fetch_cycle.v" into library xil_defaultlib
INFO: [VRFC 10-311] analyzing module fetch_cycle
INFO: [VRFC 10-2263] Analyzing Verilog file "C:/Users/krush/Music/RISC_V_PIPELINED/RISC_V_PROCESSOR.srcs/sources_1/new/hazard_unit.v" into library xil_defaultlib
INFO: [VRFC 10-311] analyzing module hazard_unit
INFO: [VRFC 10-2263] Analyzing Verilog file "C:/Users/krush/Music/RISC_V_PIPELINED/RISC_V_PROCESSOR.srcs/sources_1/new/load_unit.v" into library xil_defaultlib
INFO: [VRFC 10-311] analyzing module load_unit
INFO: [VRFC 10-2263] Analyzing Verilog file "C:/Users/krush/Music/RISC_V_PIPELINED/RISC_V_PROCESSOR.srcs/sources_1/new/memory_cycle.v" into library xil_defaultlib
INFO: [VRFC 10-311] analyzing module memory_cycle
INFO: [VRFC 10-2263] Analyzing Verilog file "C:/Users/krush/Music/RISC_V_PIPELINED/RISC_V_PROCESSOR.srcs/sources_1/new/store_unit.v" into library xil_defaultlib
INFO: [VRFC 10-311] analyzing module store_unit
INFO: [VRFC 10-2263] Analyzing Verilog file "C:/Users/krush/Music/RISC_V_PIPELINED/RISC_V_PROCESSOR.srcs/sources_1/new/top.v" into library xil_defaultlib
INFO: [VRFC 10-311] analyzing module top
INFO: [VRFC 10-2263] Analyzing Verilog file "C:/Users/krush/Music/RISC_V_PIPELINED/RISC_V_PROCESSOR.srcs/sources_1/new/write_cycle.v" into library xil_defaultlib
INFO: [VRFC 10-311] analyzing module write_cycle
INFO: [VRFC 10-2263] Analyzing Verilog file "C:/Users/krush/Music/RISC_V_PIPELINED/RISC_V_PROCESSOR.srcs/sim_1/new/tb_riscv.v" into library xil_defaultlib
INFO: [VRFC 10-311] analyzing module tb_riscv
INFO: [USF-XSim-69] 'compile' step finished in '3' seconds
INFO: [USF-XSim-3] XSim::Elaborate design
INFO: [USF-XSim-61] Executing 'ELABORATE' step in 'C:/Users/krush/Music/RISC_V_PIPELINED/RISC_V_PROCESSOR.sim/sim_1/behav/xsim'
"xelab --incr --debug typical --relax --mt 2 -L xil_defaultlib -L unisims_ver -L unimacro_ver -L secureip --snapshot tb_riscv_behav xil_defaultlib.tb_riscv xil_defaultlib.glbl -log elaborate.log"
Vivado Simulator v2024.2.0
Copyright 1986-2022 Xilinx, Inc. All Rights Reserved.
Copyright 2022-2024 Advanced Micro Devices, Inc. All Rights Reserved.
Running: C:/Xilinx/Vivado/2024.2/bin/unwrapped/win64.o/xelab.exe --incr --debug typical --relax --mt 2 -L xil_defaultlib -L unisims_ver -L unimacro_ver -L secureip --snapshot tb_riscv_behav xil_defaultlib.tb_riscv xil_defaultlib.glbl -log elaborate.log 
Using 2 slave threads.
Starting static elaboration
Pass Through NonSizing Optimizer
Completed static elaboration
Starting simulation data flow analysis
Completed simulation data flow analysis
Time Resolution for simulation is 1ps
Compiling module xil_defaultlib.D_FF_enable
Compiling module xil_defaultlib.Instr_mem
Compiling module xil_defaultlib.D_FF_enable_Flush
Compiling module xil_defaultlib.fetch_cycle
Compiling module xil_defaultlib.Control_unit
Compiling module xil_defaultlib.Imm_gen
Compiling module xil_defaultlib.Register_file
Compiling module xil_defaultlib.D_FF_flush
Compiling module xil_defaultlib.D_FF_flush(WIDTH=1)
Compiling module xil_defaultlib.D_FF_flush(WIDTH=2)
Compiling module xil_defaultlib.D_FF_flush(WIDTH=4)
Compiling module xil_defaultlib.D_FF_flush(WIDTH=3)
Compiling module xil_defaultlib.D_FF_flush(WIDTH=5)
Compiling module xil_defaultlib.decode_cycle
Compiling module xil_defaultlib.ALU
Compiling module xil_defaultlib.D_FF(WIDTH=1)
Compiling module xil_defaultlib.D_FF(WIDTH=3)
Compiling module xil_defaultlib.D_FF(WIDTH=2)
Compiling module xil_defaultlib.D_FF
Compiling module xil_defaultlib.D_FF(WIDTH=5)
Compiling module xil_defaultlib.execute_cycle
Compiling module xil_defaultlib.store_unit
Compiling module xil_defaultlib.Data_mem
Compiling module xil_defaultlib.memory_cycle
Compiling module xil_defaultlib.load_unit
Compiling module xil_defaultlib.write_cycle
Compiling module xil_defaultlib.hazard_unit
Compiling module xil_defaultlib.top
Compiling module xil_defaultlib.tb_riscv
Compiling module xil_defaultlib.glbl
Built simulation snapshot tb_riscv_behav
INFO: [USF-XSim-69] 'elaborate' step finished in '2' seconds
INFO: [USF-XSim-4] XSim::Simulate design
INFO: [USF-XSim-61] Executing 'SIMULATE' step in 'C:/Users/krush/Music/RISC_V_PIPELINED/RISC_V_PROCESSOR.sim/sim_1/behav/xsim'
INFO: [USF-XSim-98] *** Running xsim
   with args "tb_riscv_behav -key {Behavioral:sim_1:Functional:tb_riscv} -tclbatch {tb_riscv.tcl} -log {simulate.log}"
INFO: [USF-XSim-8] Loading simulator feature
Time resolution is 1 ps
source tb_riscv.tcl
# set curr_wave [current_wave_config]
# if { [string length $curr_wave] == 0 } {
#   if { [llength [get_objects]] > 0} {
#     add_wave /
#     set_property needs_save false [current_wave_config]
#   } else {
#      send_msg_id Add_Wave-1 WARNING "No top level signals found. Simulator will start without a wave window. If you want to open a wave window go to 'File->New Waveform Configuration' or type 'create_wave_config' in the TCL console."
#   }
# }
# run 1000ns
Loading instruction memory from rv32i_test1.hex
---- NEG EDGE ---- WB WRITE: rd=x data=x

================ CYCLE 1 =================
IF  : PCF = 00000000
ID  : InstrD = 00000000 | rs1=0 rs2=0 rd=0
EX  : RD1E=0 RD2E=0 Imm=0
FWD : ForwardAE=00 ForwardBE=00
ALU : Result=0
MEM : Addr=0 WriteData=0 ReadData=0
WB  : rd=0 data=0 we=0
REG : x1=0 x2=0 x3=0 x4=0 x5=0 x6=0 x7=0 x8=0 x9=0
---- NEG EDGE ---- WB WRITE: rd=0 data=0

================ CYCLE 2 =================
IF  : PCF = 00000000
ID  : InstrD = 00000000 | rs1=0 rs2=0 rd=0
EX  : RD1E=0 RD2E=0 Imm=0
FWD : ForwardAE=00 ForwardBE=00
ALU : Result=0
MEM : Addr=0 WriteData=0 ReadData=0
WB  : rd=0 data=0 we=0
REG : x1=0 x2=0 x3=0 x4=0 x5=0 x6=0 x7=0 x8=0 x9=0
---- NEG EDGE ---- WB WRITE: rd=0 data=0

================ CYCLE 3 =================
IF  : PCF = 00000000
ID  : InstrD = 00000000 | rs1=0 rs2=0 rd=0
EX  : RD1E=0 RD2E=0 Imm=0
FWD : ForwardAE=00 ForwardBE=00
ALU : Result=0
MEM : Addr=0 WriteData=0 ReadData=0
WB  : rd=0 data=0 we=0
REG : x1=0 x2=0 x3=0 x4=0 x5=0 x6=0 x7=0 x8=0 x9=0
---- NEG EDGE ---- WB WRITE: rd=0 data=0

================ CYCLE 4 =================
IF  : PCF = 00000004
ID  : InstrD = 00500093 | rs1=0 rs2=5 rd=1
EX  : RD1E=0 RD2E=0 Imm=0
FWD : ForwardAE=00 ForwardBE=00
ALU : Result=0
MEM : Addr=0 WriteData=0 ReadData=x
WB  : rd=0 data=0 we=0
REG : x1=0 x2=0 x3=0 x4=0 x5=0 x6=0 x7=0 x8=0 x9=0
---- NEG EDGE ---- WB WRITE: rd=0 data=0

================ CYCLE 5 =================
IF  : PCF = 00000008
ID  : InstrD = 00a00113 | rs1=0 rs2=10 rd=2
EX  : RD1E=0 RD2E=0 Imm=5
FWD : ForwardAE=00 ForwardBE=00
ALU : Result=0
MEM : Addr=0 WriteData=0 ReadData=x
WB  : rd=0 data=0 we=0
REG : x1=0 x2=0 x3=0 x4=0 x5=0 x6=0 x7=0 x8=0 x9=0
---- NEG EDGE ---- WB WRITE: rd=0 data=0

================ CYCLE 6 =================
IF  : PCF = 0000000c
ID  : InstrD = 002081b3 | rs1=1 rs2=2 rd=3
EX  : RD1E=0 RD2E=0 Imm=10
FWD : ForwardAE=00 ForwardBE=00
ALU : Result=5
MEM : Addr=5 WriteData=0 ReadData=x
WB  : rd=0 data=0 we=0
REG : x1=0 x2=0 x3=0 x4=0 x5=0 x6=0 x7=0 x8=0 x9=0
---- NEG EDGE ---- WB WRITE: rd=1 data=5

================ CYCLE 7 =================
IF  : PCF = 00000010
ID  : InstrD = 00302023 | rs1=0 rs2=3 rd=0
EX  : RD1E=0 RD2E=0 Imm=2
FWD : ForwardAE=01 ForwardBE=10
ALU : Result=10
MEM : Addr=10 WriteData=0 ReadData=x
WB  : rd=1 data=5 we=1
REG : x1=5 x2=0 x3=0 x4=0 x5=0 x6=0 x7=0 x8=0 x9=0
---- NEG EDGE ---- WB WRITE: rd=2 data=10

================ CYCLE 8 =================
IF  : PCF = 00000014
ID  : InstrD = 00002203 | rs1=0 rs2=0 rd=4
EX  : RD1E=0 RD2E=0 Imm=0
FWD : ForwardAE=00 ForwardBE=10
ALU : Result=15
MEM : Addr=15 WriteData=10 ReadData=x
WB  : rd=2 data=10 we=1
REG : x1=5 x2=10 x3=0 x4=0 x5=0 x6=0 x7=0 x8=0 x9=0
---- NEG EDGE ---- WB WRITE: rd=3 data=15

================ CYCLE 9 =================
IF  : PCF = 00000018
ID  : InstrD = 00002283 | rs1=0 rs2=0 rd=5
EX  : RD1E=0 RD2E=0 Imm=0
FWD : ForwardAE=00 ForwardBE=00
ALU : Result=0
MEM : Addr=0 WriteData=15 ReadData=x
WB  : rd=3 data=15 we=1
REG : x1=5 x2=10 x3=15 x4=0 x5=0 x6=0 x7=0 x8=0 x9=0
---- NEG EDGE ---- WB WRITE: rd=0 data=0

================ CYCLE 10 =================
IF  : PCF = 0000001c
ID  : InstrD = 00128333 | rs1=5 rs2=1 rd=6
EX  : RD1E=0 RD2E=0 Imm=0
FWD : ForwardAE=00 ForwardBE=00
ALU : Result=0
MEM : Addr=0 WriteData=0 ReadData=x
WB  : rd=0 data=0 we=0
REG : x1=5 x2=10 x3=15 x4=0 x5=0 x6=0 x7=0 x8=0 x9=0
---- NEG EDGE ---- WB WRITE: rd=4 data=15

================ CYCLE 11 =================
IF  : PCF = 0000001c
ID  : InstrD = 00128333 | rs1=5 rs2=1 rd=6
EX  : RD1E=0 RD2E=0 Imm=0
FWD : ForwardAE=00 ForwardBE=00
ALU : Result=0
MEM : Addr=0 WriteData=0 ReadData=15
WB  : rd=4 data=15 we=1
REG : x1=5 x2=10 x3=15 x4=15 x5=0 x6=0 x7=0 x8=0 x9=0
---- NEG EDGE ---- WB WRITE: rd=5 data=15

================ CYCLE 12 =================
IF  : PCF = 00000020
ID  : InstrD = 00630463 | rs1=6 rs2=6 rd=8
EX  : RD1E=0 RD2E=5 Imm=1
FWD : ForwardAE=01 ForwardBE=00
ALU : Result=0
MEM : Addr=0 WriteData=0 ReadData=15
WB  : rd=5 data=15 we=1
REG : x1=5 x2=10 x3=15 x4=15 x5=15 x6=0 x7=0 x8=0 x9=0
---- NEG EDGE ---- WB WRITE: rd=0 data=0

================ CYCLE 13 =================
IF  : PCF = 00000024
ID  : InstrD = 3e700393 | rs1=0 rs2=7 rd=7
EX  : RD1E=0 RD2E=0 Imm=8
FWD : ForwardAE=10 ForwardBE=10
ALU : Result=20
MEM : Addr=20 WriteData=5 ReadData=15
WB  : rd=0 data=0 we=0
REG : x1=5 x2=10 x3=15 x4=15 x5=15 x6=0 x7=0 x8=0 x9=0
---- NEG EDGE ---- WB WRITE: rd=6 data=20

================ CYCLE 14 =================
IF  : PCF = 00000024
ID  : InstrD = 00000000 | rs1=0 rs2=0 rd=0
EX  : RD1E=0 RD2E=0 Imm=0
FWD : ForwardAE=00 ForwardBE=00
ALU : Result=40
MEM : Addr=40 WriteData=20 ReadData=x
WB  : rd=6 data=20 we=1
REG : x1=5 x2=10 x3=15 x4=15 x5=15 x6=20 x7=0 x8=0 x9=0
---- NEG EDGE ---- WB WRITE: rd=8 data=40

================ CYCLE 15 =================
IF  : PCF = 00000028
ID  : InstrD = 00100393 | rs1=0 rs2=1 rd=7
EX  : RD1E=0 RD2E=0 Imm=0
FWD : ForwardAE=00 ForwardBE=00
ALU : Result=0
MEM : Addr=0 WriteData=0 ReadData=x
WB  : rd=8 data=40 we=0
REG : x1=5 x2=10 x3=15 x4=15 x5=15 x6=20 x7=0 x8=0 x9=0
---- NEG EDGE ---- WB WRITE: rd=0 data=0

================ CYCLE 16 =================
IF  : PCF = 0000002c
ID  : InstrD = 00100463 | rs1=0 rs2=1 rd=8
EX  : RD1E=0 RD2E=5 Imm=1
FWD : ForwardAE=00 ForwardBE=00
ALU : Result=0
MEM : Addr=0 WriteData=0 ReadData=15
WB  : rd=0 data=0 we=0
REG : x1=5 x2=10 x3=15 x4=15 x5=15 x6=20 x7=0 x8=0 x9=0
---- NEG EDGE ---- WB WRITE: rd=0 data=0

================ CYCLE 17 =================
IF  : PCF = 00000030
ID  : InstrD = 00200413 | rs1=0 rs2=2 rd=8
EX  : RD1E=0 RD2E=5 Imm=8
FWD : ForwardAE=00 ForwardBE=00
ALU : Result=1
MEM : Addr=1 WriteData=5 ReadData=15
WB  : rd=0 data=0 we=0
REG : x1=5 x2=10 x3=15 x4=15 x5=15 x6=20 x7=0 x8=0 x9=0
---- NEG EDGE ---- WB WRITE: rd=7 data=1

================ CYCLE 18 =================
IF  : PCF = 00000034
ID  : InstrD = 002081b3 | rs1=1 rs2=2 rd=3
EX  : RD1E=0 RD2E=10 Imm=2
FWD : ForwardAE=00 ForwardBE=00
ALU : Result=5
MEM : Addr=5 WriteData=5 ReadData=15
WB  : rd=7 data=1 we=1
REG : x1=5 x2=10 x3=15 x4=15 x5=15 x6=20 x7=1 x8=0 x9=0
---- NEG EDGE ---- WB WRITE: rd=8 data=5

================ CYCLE 19 =================
IF  : PCF = 00000038
ID  : InstrD = 00330663 | rs1=6 rs2=3 rd=12
EX  : RD1E=5 RD2E=10 Imm=2
FWD : ForwardAE=00 ForwardBE=00
ALU : Result=2
MEM : Addr=2 WriteData=10 ReadData=x
WB  : rd=8 data=5 we=0
REG : x1=5 x2=10 x3=15 x4=15 x5=15 x6=20 x7=1 x8=0 x9=0
---- NEG EDGE ---- WB WRITE: rd=8 data=2

================ CYCLE 20 =================
IF  : PCF = 0000003c
ID  : InstrD = 3e800413 | rs1=0 rs2=8 rd=8
EX  : RD1E=20 RD2E=15 Imm=12
FWD : ForwardAE=00 ForwardBE=10
ALU : Result=15
MEM : Addr=15 WriteData=10 ReadData=15
WB  : rd=8 data=2 we=1
REG : x1=5 x2=10 x3=15 x4=15 x5=15 x6=20 x7=1 x8=2 x9=0
---- NEG EDGE ---- WB WRITE: rd=3 data=15

================ CYCLE 21 =================
IF  : PCF = 00000040
ID  : InstrD = 00200413 | rs1=0 rs2=2 rd=8
EX  : RD1E=0 RD2E=2 Imm=1000
FWD : ForwardAE=00 ForwardBE=00
ALU : Result=35
MEM : Addr=35 WriteData=15 ReadData=x
WB  : rd=3 data=15 we=1
REG : x1=5 x2=10 x3=15 x4=15 x5=15 x6=20 x7=1 x8=2 x9=0
---- NEG EDGE ---- WB WRITE: rd=12 data=35

================ CYCLE 22 =================
IF  : PCF = 00000044
ID  : InstrD = 008004ef | rs1=0 rs2=8 rd=9
EX  : RD1E=0 RD2E=10 Imm=2
FWD : ForwardAE=00 ForwardBE=00
ALU : Result=1000
MEM : Addr=1000 WriteData=2 ReadData=x
WB  : rd=12 data=35 we=0
REG : x1=5 x2=10 x3=15 x4=15 x5=15 x6=20 x7=1 x8=2 x9=0
---- NEG EDGE ---- WB WRITE: rd=8 data=1000

================ CYCLE 23 =================
IF  : PCF = 00000048
ID  : InstrD = 3e800513 | rs1=0 rs2=8 rd=10
EX  : RD1E=0 RD2E=2 Imm=8
FWD : ForwardAE=00 ForwardBE=10
ALU : Result=2
MEM : Addr=2 WriteData=10 ReadData=x
WB  : rd=8 data=1000 we=1
REG : x1=5 x2=10 x3=15 x4=15 x5=15 x6=20 x7=1 x8=1000 x9=0
---- NEG EDGE ---- WB WRITE: rd=8 data=2

================ CYCLE 24 =================
IF  : PCF = 00000048
ID  : InstrD = 00000000 | rs1=0 rs2=0 rd=0
EX  : RD1E=0 RD2E=0 Imm=0
FWD : ForwardAE=00 ForwardBE=00
ALU : Result=2
MEM : Addr=2 WriteData=2 ReadData=15
WB  : rd=8 data=2 we=1
REG : x1=5 x2=10 x3=15 x4=15 x5=15 x6=20 x7=1 x8=2 x9=0
---- NEG EDGE ---- WB WRITE: rd=9 data=68

================ CYCLE 25 =================
IF  : PCF = 0000004c
ID  : InstrD = 00300513 | rs1=0 rs2=3 rd=10
EX  : RD1E=0 RD2E=0 Imm=0
FWD : ForwardAE=00 ForwardBE=00
ALU : Result=0
MEM : Addr=0 WriteData=0 ReadData=15
WB  : rd=9 data=68 we=1
REG : x1=5 x2=10 x3=15 x4=15 x5=15 x6=20 x7=1 x8=2 x9=68
---- NEG EDGE ---- WB WRITE: rd=0 data=0

================ CYCLE 26 =================
IF  : PCF = 00000050
ID  : InstrD = 05400593 | rs1=0 rs2=20 rd=11
EX  : RD1E=0 RD2E=15 Imm=3
FWD : ForwardAE=00 ForwardBE=00
ALU : Result=0
MEM : Addr=0 WriteData=0 ReadData=15
WB  : rd=0 data=0 we=0
REG : x1=5 x2=10 x3=15 x4=15 x5=15 x6=20 x7=1 x8=2 x9=68
---- NEG EDGE ---- WB WRITE: rd=0 data=0

================ CYCLE 27 =================
IF  : PCF = 00000054
ID  : InstrD = 00058067 | rs1=11 rs2=0 rd=0
EX  : RD1E=0 RD2E=0 Imm=84
FWD : ForwardAE=00 ForwardBE=00
ALU : Result=3
MEM : Addr=3 WriteData=15 ReadData=15
WB  : rd=0 data=0 we=0
REG : x1=5 x2=10 x3=15 x4=15 x5=15 x6=20 x7=1 x8=2 x9=68
---- NEG EDGE ---- WB WRITE: rd=10 data=3

================ CYCLE 28 =================
IF  : PCF = 00000058
ID  : InstrD = 00208633 | rs1=1 rs2=2 rd=12
EX  : RD1E=0 RD2E=0 Imm=0
FWD : ForwardAE=10 ForwardBE=00
ALU : Result=84
MEM : Addr=84 WriteData=0 ReadData=15
WB  : rd=10 data=3 we=1
REG : x1=5 x2=10 x3=15 x4=15 x5=15 x6=20 x7=1 x8=2 x9=68
---- NEG EDGE ---- WB WRITE: rd=11 data=84

================ CYCLE 29 =================
IF  : PCF = 00000054
ID  : InstrD = 00000000 | rs1=0 rs2=0 rd=0
EX  : RD1E=0 RD2E=0 Imm=0
FWD : ForwardAE=00 ForwardBE=00
ALU : Result=84
MEM : Addr=84 WriteData=0 ReadData=x
WB  : rd=11 data=84 we=1
REG : x1=5 x2=10 x3=15 x4=15 x5=15 x6=20 x7=1 x8=2 x9=68
---- NEG EDGE ---- WB WRITE: rd=0 data=84

================ CYCLE 30 =================
IF  : PCF = 00000058
ID  : InstrD = 00208633 | rs1=1 rs2=2 rd=12
EX  : RD1E=0 RD2E=0 Imm=0
FWD : ForwardAE=00 ForwardBE=00
ALU : Result=0
MEM : Addr=0 WriteData=0 ReadData=x
WB  : rd=0 data=84 we=1
REG : x1=5 x2=10 x3=15 x4=15 x5=15 x6=20 x7=1 x8=2 x9=68
---- NEG EDGE ---- WB WRITE: rd=0 data=0

================ CYCLE 31 =================
IF  : PCF = 0000005c
ID  : InstrD = 00c02223 | rs1=0 rs2=12 rd=4
EX  : RD1E=5 RD2E=10 Imm=2
FWD : ForwardAE=00 ForwardBE=00
ALU : Result=0
MEM : Addr=0 WriteData=0 ReadData=15
WB  : rd=0 data=0 we=0
REG : x1=5 x2=10 x3=15 x4=15 x5=15 x6=20 x7=1 x8=2 x9=68
---- NEG EDGE ---- WB WRITE: rd=0 data=0

================ CYCLE 32 =================
IF  : PCF = 00000060
ID  : InstrD = 00002283 | rs1=0 rs2=0 rd=5
EX  : RD1E=0 RD2E=0 Imm=4
FWD : ForwardAE=00 ForwardBE=10
ALU : Result=15
MEM : Addr=15 WriteData=10 ReadData=15
WB  : rd=0 data=0 we=0
REG : x1=5 x2=10 x3=15 x4=15 x5=15 x6=20 x7=1 x8=2 x9=68
---- NEG EDGE ---- WB WRITE: rd=12 data=15

================ CYCLE 33 =================
IF  : PCF = 00000064
ID  : InstrD = 00528663 | rs1=5 rs2=5 rd=12
EX  : RD1E=0 RD2E=0 Imm=0
FWD : ForwardAE=00 ForwardBE=00
ALU : Result=4
MEM : Addr=4 WriteData=15 ReadData=x
WB  : rd=12 data=15 we=1
REG : x1=5 x2=10 x3=15 x4=15 x5=15 x6=20 x7=1 x8=2 x9=68
---- NEG EDGE ---- WB WRITE: rd=4 data=4

================ CYCLE 34 =================
IF  : PCF = 00000064
ID  : InstrD = 00528663 | rs1=5 rs2=5 rd=12
EX  : RD1E=0 RD2E=0 Imm=0
FWD : ForwardAE=00 ForwardBE=00
ALU : Result=0
MEM : Addr=0 WriteData=0 ReadData=x
WB  : rd=4 data=4 we=0
REG : x1=5 x2=10 x3=15 x4=15 x5=15 x6=20 x7=1 x8=2 x9=68
---- NEG EDGE ---- WB WRITE: rd=5 data=15

================ CYCLE 35 =================
IF  : PCF = 00000068
ID  : InstrD = 3e800613 | rs1=0 rs2=8 rd=12
EX  : RD1E=15 RD2E=15 Imm=12
FWD : ForwardAE=01 ForwardBE=01
ALU : Result=0
MEM : Addr=0 WriteData=0 ReadData=15
WB  : rd=5 data=15 we=1
REG : x1=5 x2=10 x3=15 x4=15 x5=15 x6=20 x7=1 x8=2 x9=68
---- NEG EDGE ---- WB WRITE: rd=0 data=0

================ CYCLE 36 =================
IF  : PCF = 0000006c
ID  : InstrD = 00000000 | rs1=0 rs2=0 rd=0
EX  : RD1E=0 RD2E=0 Imm=0
FWD : ForwardAE=00 ForwardBE=00
ALU : Result=30
MEM : Addr=30 WriteData=15 ReadData=15
WB  : rd=0 data=0 we=0
REG : x1=5 x2=10 x3=15 x4=15 x5=15 x6=20 x7=1 x8=2 x9=68
---- NEG EDGE ---- WB WRITE: rd=12 data=30

================ CYCLE 37 =================
IF  : PCF = 00000070
ID  : InstrD = 00000013 | rs1=0 rs2=0 rd=0
EX  : RD1E=0 RD2E=0 Imm=0
FWD : ForwardAE=00 ForwardBE=00
ALU : Result=0
MEM : Addr=0 WriteData=0 ReadData=x
WB  : rd=12 data=30 we=0
REG : x1=5 x2=10 x3=15 x4=15 x5=15 x6=20 x7=1 x8=2 x9=68
---- NEG EDGE ---- WB WRITE: rd=0 data=0

================ CYCLE 38 =================
IF  : PCF = 00000074
ID  : InstrD = fe000fe3 | rs1=0 rs2=0 rd=31
EX  : RD1E=0 RD2E=0 Imm=0
FWD : ForwardAE=00 ForwardBE=00
ALU : Result=0
MEM : Addr=0 WriteData=0 ReadData=15
WB  : rd=0 data=0 we=0
REG : x1=5 x2=10 x3=15 x4=15 x5=15 x6=20 x7=1 x8=2 x9=68
---- NEG EDGE ---- WB WRITE: rd=0 data=0

================ CYCLE 39 =================
IF  : PCF = 00000078
ID  : InstrD = xxxxxxxx | rs1=x rs2=x rd=x
EX  : RD1E=0 RD2E=0 Imm=4294967294
FWD : ForwardAE=00 ForwardBE=00
ALU : Result=0
MEM : Addr=0 WriteData=0 ReadData=15
WB  : rd=0 data=0 we=0
REG : x1=5 x2=10 x3=15 x4=15 x5=15 x6=20 x7=1 x8=2 x9=68
---- NEG EDGE ---- WB WRITE: rd=0 data=0

================ CYCLE 40 =================
IF  : PCF = 0000006e
ID  : InstrD = 00000000 | rs1=0 rs2=0 rd=0
EX  : RD1E=0 RD2E=0 Imm=0
FWD : ForwardAE=00 ForwardBE=00
ALU : Result=0
MEM : Addr=0 WriteData=0 ReadData=15
WB  : rd=0 data=0 we=1
REG : x1=5 x2=10 x3=15 x4=15 x5=15 x6=20 x7=1 x8=2 x9=68
---- NEG EDGE ---- WB WRITE: rd=31 data=0

================ CYCLE 41 =================
IF  : PCF = 00000072
ID  : InstrD = 00000013 | rs1=0 rs2=0 rd=0
EX  : RD1E=0 RD2E=0 Imm=0
FWD : ForwardAE=00 ForwardBE=00
ALU : Result=0
MEM : Addr=0 WriteData=0 ReadData=15
WB  : rd=31 data=0 we=0
REG : x1=5 x2=10 x3=15 x4=15 x5=15 x6=20 x7=1 x8=2 x9=68
---- NEG EDGE ---- WB WRITE: rd=0 data=0

================ CYCLE 42 =================
IF  : PCF = 00000076
ID  : InstrD = fe000fe3 | rs1=0 rs2=0 rd=31
EX  : RD1E=0 RD2E=0 Imm=0
FWD : ForwardAE=00 ForwardBE=00
ALU : Result=0
MEM : Addr=0 WriteData=0 ReadData=15
WB  : rd=0 data=0 we=0
REG : x1=5 x2=10 x3=15 x4=15 x5=15 x6=20 x7=1 x8=2 x9=68
---- NEG EDGE ---- WB WRITE: rd=0 data=0

================ CYCLE 43 =================
IF  : PCF = 0000007a
ID  : InstrD = xxxxxxxx | rs1=x rs2=x rd=x
EX  : RD1E=0 RD2E=0 Imm=4294967294
FWD : ForwardAE=00 ForwardBE=00
ALU : Result=0
MEM : Addr=0 WriteData=0 ReadData=15
WB  : rd=0 data=0 we=0
REG : x1=5 x2=10 x3=15 x4=15 x5=15 x6=20 x7=1 x8=2 x9=68
---- NEG EDGE ---- WB WRITE: rd=0 data=0

================ CYCLE 44 =================
IF  : PCF = 00000070
ID  : InstrD = 00000000 | rs1=0 rs2=0 rd=0
EX  : RD1E=0 RD2E=0 Imm=0
FWD : ForwardAE=00 ForwardBE=00
ALU : Result=0
MEM : Addr=0 WriteData=0 ReadData=15
WB  : rd=0 data=0 we=1
REG : x1=5 x2=10 x3=15 x4=15 x5=15 x6=20 x7=1 x8=2 x9=68
---- NEG EDGE ---- WB WRITE: rd=31 data=0

================ CYCLE 45 =================
IF  : PCF = 00000074
ID  : InstrD = fe000fe3 | rs1=0 rs2=0 rd=31
EX  : RD1E=0 RD2E=0 Imm=0
FWD : ForwardAE=00 ForwardBE=00
ALU : Result=0
MEM : Addr=0 WriteData=0 ReadData=15
WB  : rd=31 data=0 we=0
REG : x1=5 x2=10 x3=15 x4=15 x5=15 x6=20 x7=1 x8=2 x9=68
---- NEG EDGE ---- WB WRITE: rd=0 data=0

================ CYCLE 46 =================
IF  : PCF = 00000078
ID  : InstrD = xxxxxxxx | rs1=x rs2=x rd=x
EX  : RD1E=0 RD2E=0 Imm=4294967294
FWD : ForwardAE=00 ForwardBE=00
ALU : Result=0
MEM : Addr=0 WriteData=0 ReadData=15
WB  : rd=0 data=0 we=0
REG : x1=5 x2=10 x3=15 x4=15 x5=15 x6=20 x7=1 x8=2 x9=68
---- NEG EDGE ---- WB WRITE: rd=0 data=0

================ CYCLE 47 =================
IF  : PCF = 0000006e
ID  : InstrD = 00000000 | rs1=0 rs2=0 rd=0
EX  : RD1E=0 RD2E=0 Imm=0
FWD : ForwardAE=00 ForwardBE=00
ALU : Result=0
MEM : Addr=0 WriteData=0 ReadData=15
WB  : rd=0 data=0 we=0
REG : x1=5 x2=10 x3=15 x4=15 x5=15 x6=20 x7=1 x8=2 x9=68
---- NEG EDGE ---- WB WRITE: rd=31 data=0

================ CYCLE 48 =================
IF  : PCF = 00000072
ID  : InstrD = 00000013 | rs1=0 rs2=0 rd=0
EX  : RD1E=0 RD2E=0 Imm=0
FWD : ForwardAE=00 ForwardBE=00
ALU : Result=0
MEM : Addr=0 WriteData=0 ReadData=15
WB  : rd=31 data=0 we=0
REG : x1=5 x2=10 x3=15 x4=15 x5=15 x6=20 x7=1 x8=2 x9=68
---- NEG EDGE ---- WB WRITE: rd=0 data=0

================ CYCLE 49 =================
IF  : PCF = 00000076
ID  : InstrD = fe000fe3 | rs1=0 rs2=0 rd=31
EX  : RD1E=0 RD2E=0 Imm=0
FWD : ForwardAE=00 ForwardBE=00
ALU : Result=0
MEM : Addr=0 WriteData=0 ReadData=15
WB  : rd=0 data=0 we=0
REG : x1=5 x2=10 x3=15 x4=15 x5=15 x6=20 x7=1 x8=2 x9=68
---- NEG EDGE ---- WB WRITE: rd=0 data=0

================ CYCLE 50 =================
IF  : PCF = 0000007a
ID  : InstrD = xxxxxxxx | rs1=x rs2=x rd=x
EX  : RD1E=0 RD2E=0 Imm=4294967294
FWD : ForwardAE=00 ForwardBE=00
ALU : Result=0
MEM : Addr=0 WriteData=0 ReadData=15
WB  : rd=0 data=0 we=0
REG : x1=5 x2=10 x3=15 x4=15 x5=15 x6=20 x7=1 x8=2 x9=68
---- NEG EDGE ---- WB WRITE: rd=0 data=0

================ CYCLE 51 =================
IF  : PCF = 00000070
ID  : InstrD = 00000000 | rs1=0 rs2=0 rd=0
EX  : RD1E=0 RD2E=0 Imm=0
FWD : ForwardAE=00 ForwardBE=00
ALU : Result=0
MEM : Addr=0 WriteData=0 ReadData=15
WB  : rd=0 data=0 we=1
REG : x1=5 x2=10 x3=15 x4=15 x5=15 x6=20 x7=1 x8=2 x9=68
---- NEG EDGE ---- WB WRITE: rd=31 data=0

================ CYCLE 52 =================
IF  : PCF = 00000074
ID  : InstrD = fe000fe3 | rs1=0 rs2=0 rd=31
EX  : RD1E=0 RD2E=0 Imm=0
FWD : ForwardAE=00 ForwardBE=00
ALU : Result=0
MEM : Addr=0 WriteData=0 ReadData=15
WB  : rd=31 data=0 we=0
REG : x1=5 x2=10 x3=15 x4=15 x5=15 x6=20 x7=1 x8=2 x9=68
---- NEG EDGE ---- WB WRITE: rd=0 data=0

================ CYCLE 53 =================
IF  : PCF = 00000078
ID  : InstrD = xxxxxxxx | rs1=x rs2=x rd=x
EX  : RD1E=0 RD2E=0 Imm=4294967294
FWD : ForwardAE=00 ForwardBE=00
ALU : Result=0
MEM : Addr=0 WriteData=0 ReadData=15
WB  : rd=0 data=0 we=0
REG : x1=5 x2=10 x3=15 x4=15 x5=15 x6=20 x7=1 x8=2 x9=68
---- NEG EDGE ---- WB WRITE: rd=0 data=0

================ CYCLE 54 =================
IF  : PCF = 0000006e
ID  : InstrD = 00000000 | rs1=0 rs2=0 rd=0
EX  : RD1E=0 RD2E=0 Imm=0
FWD : ForwardAE=00 ForwardBE=00
ALU : Result=0
MEM : Addr=0 WriteData=0 ReadData=15
WB  : rd=0 data=0 we=0
REG : x1=5 x2=10 x3=15 x4=15 x5=15 x6=20 x7=1 x8=2 x9=68
---- NEG EDGE ---- WB WRITE: rd=31 data=0

================ CYCLE 55 =================
IF  : PCF = 00000072
ID  : InstrD = 00000013 | rs1=0 rs2=0 rd=0
EX  : RD1E=0 RD2E=0 Imm=0
FWD : ForwardAE=00 ForwardBE=00
ALU : Result=0
MEM : Addr=0 WriteData=0 ReadData=15
WB  : rd=31 data=0 we=0
REG : x1=5 x2=10 x3=15 x4=15 x5=15 x6=20 x7=1 x8=2 x9=68
---- NEG EDGE ---- WB WRITE: rd=0 data=0

================ CYCLE 56 =================
IF  : PCF = 00000076
ID  : InstrD = fe000fe3 | rs1=0 rs2=0 rd=31
EX  : RD1E=0 RD2E=0 Imm=0
FWD : ForwardAE=00 ForwardBE=00
ALU : Result=0
MEM : Addr=0 WriteData=0 ReadData=15
WB  : rd=0 data=0 we=0
REG : x1=5 x2=10 x3=15 x4=15 x5=15 x6=20 x7=1 x8=2 x9=68
---- NEG EDGE ---- WB WRITE: rd=0 data=0

================ CYCLE 57 =================
IF  : PCF = 0000007a
ID  : InstrD = xxxxxxxx | rs1=x rs2=x rd=x
EX  : RD1E=0 RD2E=0 Imm=4294967294
FWD : ForwardAE=00 ForwardBE=00
ALU : Result=0
MEM : Addr=0 WriteData=0 ReadData=15
WB  : rd=0 data=0 we=0
REG : x1=5 x2=10 x3=15 x4=15 x5=15 x6=20 x7=1 x8=2 x9=68
---- NEG EDGE ---- WB WRITE: rd=0 data=0

================ CYCLE 58 =================
IF  : PCF = 00000070
ID  : InstrD = 00000000 | rs1=0 rs2=0 rd=0
EX  : RD1E=0 RD2E=0 Imm=0
FWD : ForwardAE=00 ForwardBE=00
ALU : Result=0
MEM : Addr=0 WriteData=0 ReadData=15
WB  : rd=0 data=0 we=1
REG : x1=5 x2=10 x3=15 x4=15 x5=15 x6=20 x7=1 x8=2 x9=68
---- NEG EDGE ---- WB WRITE: rd=31 data=0

================ CYCLE 59 =================
IF  : PCF = 00000074
ID  : InstrD = fe000fe3 | rs1=0 rs2=0 rd=31
EX  : RD1E=0 RD2E=0 Imm=0
FWD : ForwardAE=00 ForwardBE=00
ALU : Result=0
MEM : Addr=0 WriteData=0 ReadData=15
WB  : rd=31 data=0 we=0
REG : x1=5 x2=10 x3=15 x4=15 x5=15 x6=20 x7=1 x8=2 x9=68
---- NEG EDGE ---- WB WRITE: rd=0 data=0

================ CYCLE 60 =================
IF  : PCF = 00000078
ID  : InstrD = xxxxxxxx | rs1=x rs2=x rd=x
EX  : RD1E=0 RD2E=0 Imm=4294967294
FWD : ForwardAE=00 ForwardBE=00
ALU : Result=0
MEM : Addr=0 WriteData=0 ReadData=15
WB  : rd=0 data=0 we=0
REG : x1=5 x2=10 x3=15 x4=15 x5=15 x6=20 x7=1 x8=2 x9=68
---- NEG EDGE ---- WB WRITE: rd=0 data=0

================ CYCLE 61 =================
IF  : PCF = 0000006e
ID  : InstrD = 00000000 | rs1=0 rs2=0 rd=0
EX  : RD1E=0 RD2E=0 Imm=0
FWD : ForwardAE=00 ForwardBE=00
ALU : Result=0
MEM : Addr=0 WriteData=0 ReadData=15
WB  : rd=0 data=0 we=0
REG : x1=5 x2=10 x3=15 x4=15 x5=15 x6=20 x7=1 x8=2 x9=68
---- NEG EDGE ---- WB WRITE: rd=31 data=0

================ CYCLE 62 =================
IF  : PCF = 00000072
ID  : InstrD = 00000013 | rs1=0 rs2=0 rd=0
EX  : RD1E=0 RD2E=0 Imm=0
FWD : ForwardAE=00 ForwardBE=00
ALU : Result=0
MEM : Addr=0 WriteData=0 ReadData=15
WB  : rd=31 data=0 we=0
REG : x1=5 x2=10 x3=15 x4=15 x5=15 x6=20 x7=1 x8=2 x9=68
---- NEG EDGE ---- WB WRITE: rd=0 data=0

================ CYCLE 63 =================
IF  : PCF = 00000076
ID  : InstrD = fe000fe3 | rs1=0 rs2=0 rd=31
EX  : RD1E=0 RD2E=0 Imm=0
FWD : ForwardAE=00 ForwardBE=00
ALU : Result=0
MEM : Addr=0 WriteData=0 ReadData=15
WB  : rd=0 data=0 we=0
REG : x1=5 x2=10 x3=15 x4=15 x5=15 x6=20 x7=1 x8=2 x9=68
---- NEG EDGE ---- WB WRITE: rd=0 data=0

================ CYCLE 64 =================
IF  : PCF = 0000007a
ID  : InstrD = xxxxxxxx | rs1=x rs2=x rd=x
EX  : RD1E=0 RD2E=0 Imm=4294967294
FWD : ForwardAE=00 ForwardBE=00
ALU : Result=0
MEM : Addr=0 WriteData=0 ReadData=15
WB  : rd=0 data=0 we=0
REG : x1=5 x2=10 x3=15 x4=15 x5=15 x6=20 x7=1 x8=2 x9=68
---- NEG EDGE ---- WB WRITE: rd=0 data=0

================ CYCLE 65 =================
IF  : PCF = 00000070
ID  : InstrD = 00000000 | rs1=0 rs2=0 rd=0
EX  : RD1E=0 RD2E=0 Imm=0
FWD : ForwardAE=00 ForwardBE=00
ALU : Result=0
MEM : Addr=0 WriteData=0 ReadData=15
WB  : rd=0 data=0 we=1
REG : x1=5 x2=10 x3=15 x4=15 x5=15 x6=20 x7=1 x8=2 x9=68
---- NEG EDGE ---- WB WRITE: rd=31 data=0

================ CYCLE 66 =================
IF  : PCF = 00000074
ID  : InstrD = fe000fe3 | rs1=0 rs2=0 rd=31
EX  : RD1E=0 RD2E=0 Imm=0
FWD : ForwardAE=00 ForwardBE=00
ALU : Result=0
MEM : Addr=0 WriteData=0 ReadData=15
WB  : rd=31 data=0 we=0
REG : x1=5 x2=10 x3=15 x4=15 x5=15 x6=20 x7=1 x8=2 x9=68
---- NEG EDGE ---- WB WRITE: rd=0 data=0

================ CYCLE 67 =================
IF  : PCF = 00000078
ID  : InstrD = xxxxxxxx | rs1=x rs2=x rd=x
EX  : RD1E=0 RD2E=0 Imm=4294967294
FWD : ForwardAE=00 ForwardBE=00
ALU : Result=0
MEM : Addr=0 WriteData=0 ReadData=15
WB  : rd=0 data=0 we=0
REG : x1=5 x2=10 x3=15 x4=15 x5=15 x6=20 x7=1 x8=2 x9=68
---- NEG EDGE ---- WB WRITE: rd=0 data=0

================ CYCLE 68 =================
IF  : PCF = 0000006e
ID  : InstrD = 00000000 | rs1=0 rs2=0 rd=0
EX  : RD1E=0 RD2E=0 Imm=0
FWD : ForwardAE=00 ForwardBE=00
ALU : Result=0
MEM : Addr=0 WriteData=0 ReadData=15
WB  : rd=0 data=0 we=0
REG : x1=5 x2=10 x3=15 x4=15 x5=15 x6=20 x7=1 x8=2 x9=68
---- NEG EDGE ---- WB WRITE: rd=31 data=0

================ CYCLE 69 =================
IF  : PCF = 00000072
ID  : InstrD = 00000013 | rs1=0 rs2=0 rd=0
EX  : RD1E=0 RD2E=0 Imm=0
FWD : ForwardAE=00 ForwardBE=00
ALU : Result=0
MEM : Addr=0 WriteData=0 ReadData=15
WB  : rd=31 data=0 we=0
REG : x1=5 x2=10 x3=15 x4=15 x5=15 x6=20 x7=1 x8=2 x9=68
---- NEG EDGE ---- WB WRITE: rd=0 data=0

================ CYCLE 70 =================
IF  : PCF = 00000076
ID  : InstrD = fe000fe3 | rs1=0 rs2=0 rd=31
EX  : RD1E=0 RD2E=0 Imm=0
FWD : ForwardAE=00 ForwardBE=00
ALU : Result=0
MEM : Addr=0 WriteData=0 ReadData=15
WB  : rd=0 data=0 we=0
REG : x1=5 x2=10 x3=15 x4=15 x5=15 x6=20 x7=1 x8=2 x9=68
---- NEG EDGE ---- WB WRITE: rd=0 data=0

================ CYCLE 71 =================
IF  : PCF = 0000007a
ID  : InstrD = xxxxxxxx | rs1=x rs2=x rd=x
EX  : RD1E=0 RD2E=0 Imm=4294967294
FWD : ForwardAE=00 ForwardBE=00
ALU : Result=0
MEM : Addr=0 WriteData=0 ReadData=15
WB  : rd=0 data=0 we=0
REG : x1=5 x2=10 x3=15 x4=15 x5=15 x6=20 x7=1 x8=2 x9=68
---- NEG EDGE ---- WB WRITE: rd=0 data=0

================ CYCLE 72 =================
IF  : PCF = 00000070
ID  : InstrD = 00000000 | rs1=0 rs2=0 rd=0
EX  : RD1E=0 RD2E=0 Imm=0
FWD : ForwardAE=00 ForwardBE=00
ALU : Result=0
MEM : Addr=0 WriteData=0 ReadData=15
WB  : rd=0 data=0 we=1
REG : x1=5 x2=10 x3=15 x4=15 x5=15 x6=20 x7=1 x8=2 x9=68
---- NEG EDGE ---- WB WRITE: rd=31 data=0

================ CYCLE 73 =================
IF  : PCF = 00000074
ID  : InstrD = fe000fe3 | rs1=0 rs2=0 rd=31
EX  : RD1E=0 RD2E=0 Imm=0
FWD : ForwardAE=00 ForwardBE=00
ALU : Result=0
MEM : Addr=0 WriteData=0 ReadData=15
WB  : rd=31 data=0 we=0
REG : x1=5 x2=10 x3=15 x4=15 x5=15 x6=20 x7=1 x8=2 x9=68
---- NEG EDGE ---- WB WRITE: rd=0 data=0

================ CYCLE 74 =================
IF  : PCF = 00000078
ID  : InstrD = xxxxxxxx | rs1=x rs2=x rd=x
EX  : RD1E=0 RD2E=0 Imm=4294967294
FWD : ForwardAE=00 ForwardBE=00
ALU : Result=0
MEM : Addr=0 WriteData=0 ReadData=15
WB  : rd=0 data=0 we=0
REG : x1=5 x2=10 x3=15 x4=15 x5=15 x6=20 x7=1 x8=2 x9=68
---- NEG EDGE ---- WB WRITE: rd=0 data=0

================ CYCLE 75 =================
IF  : PCF = 0000006e
ID  : InstrD = 00000000 | rs1=0 rs2=0 rd=0
EX  : RD1E=0 RD2E=0 Imm=0
FWD : ForwardAE=00 ForwardBE=00
ALU : Result=0
MEM : Addr=0 WriteData=0 ReadData=15
WB  : rd=0 data=0 we=0
REG : x1=5 x2=10 x3=15 x4=15 x5=15 x6=20 x7=1 x8=2 x9=68
---- NEG EDGE ---- WB WRITE: rd=31 data=0

================ CYCLE 76 =================
IF  : PCF = 00000072
ID  : InstrD = 00000013 | rs1=0 rs2=0 rd=0
EX  : RD1E=0 RD2E=0 Imm=0
FWD : ForwardAE=00 ForwardBE=00
ALU : Result=0
MEM : Addr=0 WriteData=0 ReadData=15
WB  : rd=31 data=0 we=0
REG : x1=5 x2=10 x3=15 x4=15 x5=15 x6=20 x7=1 x8=2 x9=68
---- NEG EDGE ---- WB WRITE: rd=0 data=0

================ CYCLE 77 =================
IF  : PCF = 00000076
ID  : InstrD = fe000fe3 | rs1=0 rs2=0 rd=31
EX  : RD1E=0 RD2E=0 Imm=0
FWD : ForwardAE=00 ForwardBE=00
ALU : Result=0
MEM : Addr=0 WriteData=0 ReadData=15
WB  : rd=0 data=0 we=0
REG : x1=5 x2=10 x3=15 x4=15 x5=15 x6=20 x7=1 x8=2 x9=68
---- NEG EDGE ---- WB WRITE: rd=0 data=0

================ CYCLE 78 =================
IF  : PCF = 0000007a
ID  : InstrD = xxxxxxxx | rs1=x rs2=x rd=x
EX  : RD1E=0 RD2E=0 Imm=4294967294
FWD : ForwardAE=00 ForwardBE=00
ALU : Result=0
MEM : Addr=0 WriteData=0 ReadData=15
WB  : rd=0 data=0 we=0
REG : x1=5 x2=10 x3=15 x4=15 x5=15 x6=20 x7=1 x8=2 x9=68
---- NEG EDGE ---- WB WRITE: rd=0 data=0

================ CYCLE 79 =================
IF  : PCF = 00000070
ID  : InstrD = 00000000 | rs1=0 rs2=0 rd=0
EX  : RD1E=0 RD2E=0 Imm=0
FWD : ForwardAE=00 ForwardBE=00
ALU : Result=0
MEM : Addr=0 WriteData=0 ReadData=15
WB  : rd=0 data=0 we=1
REG : x1=5 x2=10 x3=15 x4=15 x5=15 x6=20 x7=1 x8=2 x9=68
---- NEG EDGE ---- WB WRITE: rd=31 data=0

================ CYCLE 80 =================
IF  : PCF = 00000074
ID  : InstrD = fe000fe3 | rs1=0 rs2=0 rd=31
EX  : RD1E=0 RD2E=0 Imm=0
FWD : ForwardAE=00 ForwardBE=00
ALU : Result=0
MEM : Addr=0 WriteData=0 ReadData=15
WB  : rd=31 data=0 we=0
REG : x1=5 x2=10 x3=15 x4=15 x5=15 x6=20 x7=1 x8=2 x9=68
---- NEG EDGE ---- WB WRITE: rd=0 data=0

================ CYCLE 81 =================
IF  : PCF = 00000078
ID  : InstrD = xxxxxxxx | rs1=x rs2=x rd=x
EX  : RD1E=0 RD2E=0 Imm=4294967294
FWD : ForwardAE=00 ForwardBE=00
ALU : Result=0
MEM : Addr=0 WriteData=0 ReadData=15
WB  : rd=0 data=0 we=0
REG : x1=5 x2=10 x3=15 x4=15 x5=15 x6=20 x7=1 x8=2 x9=68
---- NEG EDGE ---- WB WRITE: rd=0 data=0

================ CYCLE 82 =================
IF  : PCF = 0000006e
ID  : InstrD = 00000000 | rs1=0 rs2=0 rd=0
EX  : RD1E=0 RD2E=0 Imm=0
FWD : ForwardAE=00 ForwardBE=00
ALU : Result=0
MEM : Addr=0 WriteData=0 ReadData=15
WB  : rd=0 data=0 we=0
REG : x1=5 x2=10 x3=15 x4=15 x5=15 x6=20 x7=1 x8=2 x9=68
---- NEG EDGE ---- WB WRITE: rd=31 data=0

================ CYCLE 83 =================
IF  : PCF = 00000072
ID  : InstrD = 00000013 | rs1=0 rs2=0 rd=0
EX  : RD1E=0 RD2E=0 Imm=0
FWD : ForwardAE=00 ForwardBE=00
ALU : Result=0
MEM : Addr=0 WriteData=0 ReadData=15
WB  : rd=31 data=0 we=0
REG : x1=5 x2=10 x3=15 x4=15 x5=15 x6=20 x7=1 x8=2 x9=68
---- NEG EDGE ---- WB WRITE: rd=0 data=0

================ CYCLE 84 =================
IF  : PCF = 00000076
ID  : InstrD = fe000fe3 | rs1=0 rs2=0 rd=31
EX  : RD1E=0 RD2E=0 Imm=0
FWD : ForwardAE=00 ForwardBE=00
ALU : Result=0
MEM : Addr=0 WriteData=0 ReadData=15
WB  : rd=0 data=0 we=0
REG : x1=5 x2=10 x3=15 x4=15 x5=15 x6=20 x7=1 x8=2 x9=68
---- NEG EDGE ---- WB WRITE: rd=0 data=0

================ CYCLE 85 =================
IF  : PCF = 0000007a
ID  : InstrD = xxxxxxxx | rs1=x rs2=x rd=x
EX  : RD1E=0 RD2E=0 Imm=4294967294
FWD : ForwardAE=00 ForwardBE=00
ALU : Result=0
MEM : Addr=0 WriteData=0 ReadData=15
WB  : rd=0 data=0 we=0
REG : x1=5 x2=10 x3=15 x4=15 x5=15 x6=20 x7=1 x8=2 x9=68
---- NEG EDGE ---- WB WRITE: rd=0 data=0

================ CYCLE 86 =================
IF  : PCF = 00000070
ID  : InstrD = 00000000 | rs1=0 rs2=0 rd=0
EX  : RD1E=0 RD2E=0 Imm=0
FWD : ForwardAE=00 ForwardBE=00
ALU : Result=0
MEM : Addr=0 WriteData=0 ReadData=15
WB  : rd=0 data=0 we=1
REG : x1=5 x2=10 x3=15 x4=15 x5=15 x6=20 x7=1 x8=2 x9=68
---- NEG EDGE ---- WB WRITE: rd=31 data=0

================ CYCLE 87 =================
IF  : PCF = 00000074
ID  : InstrD = fe000fe3 | rs1=0 rs2=0 rd=31
EX  : RD1E=0 RD2E=0 Imm=0
FWD : ForwardAE=00 ForwardBE=00
ALU : Result=0
MEM : Addr=0 WriteData=0 ReadData=15
WB  : rd=31 data=0 we=0
REG : x1=5 x2=10 x3=15 x4=15 x5=15 x6=20 x7=1 x8=2 x9=68
---- NEG EDGE ---- WB WRITE: rd=0 data=0

================ CYCLE 88 =================
IF  : PCF = 00000078
ID  : InstrD = xxxxxxxx | rs1=x rs2=x rd=x
EX  : RD1E=0 RD2E=0 Imm=4294967294
FWD : ForwardAE=00 ForwardBE=00
ALU : Result=0
MEM : Addr=0 WriteData=0 ReadData=15
WB  : rd=0 data=0 we=0
REG : x1=5 x2=10 x3=15 x4=15 x5=15 x6=20 x7=1 x8=2 x9=68
---- NEG EDGE ---- WB WRITE: rd=0 data=0

================ CYCLE 89 =================
IF  : PCF = 0000006e
ID  : InstrD = 00000000 | rs1=0 rs2=0 rd=0
EX  : RD1E=0 RD2E=0 Imm=0
FWD : ForwardAE=00 ForwardBE=00
ALU : Result=0
MEM : Addr=0 WriteData=0 ReadData=15
WB  : rd=0 data=0 we=0
REG : x1=5 x2=10 x3=15 x4=15 x5=15 x6=20 x7=1 x8=2 x9=68
---- NEG EDGE ---- WB WRITE: rd=31 data=0

================ CYCLE 90 =================
IF  : PCF = 00000072
ID  : InstrD = 00000013 | rs1=0 rs2=0 rd=0
EX  : RD1E=0 RD2E=0 Imm=0
FWD : ForwardAE=00 ForwardBE=00
ALU : Result=0
MEM : Addr=0 WriteData=0 ReadData=15
WB  : rd=31 data=0 we=0
REG : x1=5 x2=10 x3=15 x4=15 x5=15 x6=20 x7=1 x8=2 x9=68
---- NEG EDGE ---- WB WRITE: rd=0 data=0

================ CYCLE 91 =================
IF  : PCF = 00000076
ID  : InstrD = fe000fe3 | rs1=0 rs2=0 rd=31
EX  : RD1E=0 RD2E=0 Imm=0
FWD : ForwardAE=00 ForwardBE=00
ALU : Result=0
MEM : Addr=0 WriteData=0 ReadData=15
WB  : rd=0 data=0 we=0
REG : x1=5 x2=10 x3=15 x4=15 x5=15 x6=20 x7=1 x8=2 x9=68
---- NEG EDGE ---- WB WRITE: rd=0 data=0

================ CYCLE 92 =================
IF  : PCF = 0000007a
ID  : InstrD = xxxxxxxx | rs1=x rs2=x rd=x
EX  : RD1E=0 RD2E=0 Imm=4294967294
FWD : ForwardAE=00 ForwardBE=00
ALU : Result=0
MEM : Addr=0 WriteData=0 ReadData=15
WB  : rd=0 data=0 we=0
REG : x1=5 x2=10 x3=15 x4=15 x5=15 x6=20 x7=1 x8=2 x9=68
---- NEG EDGE ---- WB WRITE: rd=0 data=0

================ CYCLE 93 =================
IF  : PCF = 00000070
ID  : InstrD = 00000000 | rs1=0 rs2=0 rd=0
EX  : RD1E=0 RD2E=0 Imm=0
FWD : ForwardAE=00 ForwardBE=00
ALU : Result=0
MEM : Addr=0 WriteData=0 ReadData=15
WB  : rd=0 data=0 we=1
REG : x1=5 x2=10 x3=15 x4=15 x5=15 x6=20 x7=1 x8=2 x9=68
---- NEG EDGE ---- WB WRITE: rd=31 data=0

================ CYCLE 94 =================
IF  : PCF = 00000074
ID  : InstrD = fe000fe3 | rs1=0 rs2=0 rd=31
EX  : RD1E=0 RD2E=0 Imm=0
FWD : ForwardAE=00 ForwardBE=00
ALU : Result=0
MEM : Addr=0 WriteData=0 ReadData=15
WB  : rd=31 data=0 we=0
REG : x1=5 x2=10 x3=15 x4=15 x5=15 x6=20 x7=1 x8=2 x9=68
---- NEG EDGE ---- WB WRITE: rd=0 data=0

================ CYCLE 95 =================
IF  : PCF = 00000078
ID  : InstrD = xxxxxxxx | rs1=x rs2=x rd=x
EX  : RD1E=0 RD2E=0 Imm=4294967294
FWD : ForwardAE=00 ForwardBE=00
ALU : Result=0
MEM : Addr=0 WriteData=0 ReadData=15
WB  : rd=0 data=0 we=0
REG : x1=5 x2=10 x3=15 x4=15 x5=15 x6=20 x7=1 x8=2 x9=68
---- NEG EDGE ---- WB WRITE: rd=0 data=0

================ CYCLE 96 =================
IF  : PCF = 0000006e
ID  : InstrD = 00000000 | rs1=0 rs2=0 rd=0
EX  : RD1E=0 RD2E=0 Imm=0
FWD : ForwardAE=00 ForwardBE=00
ALU : Result=0
MEM : Addr=0 WriteData=0 ReadData=15
WB  : rd=0 data=0 we=0
REG : x1=5 x2=10 x3=15 x4=15 x5=15 x6=20 x7=1 x8=2 x9=68
---- NEG EDGE ---- WB WRITE: rd=31 data=0

================ CYCLE 97 =================
IF  : PCF = 00000072
ID  : InstrD = 00000013 | rs1=0 rs2=0 rd=0
EX  : RD1E=0 RD2E=0 Imm=0
FWD : ForwardAE=00 ForwardBE=00
ALU : Result=0
MEM : Addr=0 WriteData=0 ReadData=15
WB  : rd=31 data=0 we=0
REG : x1=5 x2=10 x3=15 x4=15 x5=15 x6=20 x7=1 x8=2 x9=68
---- NEG EDGE ---- WB WRITE: rd=0 data=0

================ CYCLE 98 =================
IF  : PCF = 00000076
ID  : InstrD = fe000fe3 | rs1=0 rs2=0 rd=31
EX  : RD1E=0 RD2E=0 Imm=0
FWD : ForwardAE=00 ForwardBE=00
ALU : Result=0
MEM : Addr=0 WriteData=0 ReadData=15
WB  : rd=0 data=0 we=0
REG : x1=5 x2=10 x3=15 x4=15 x5=15 x6=20 x7=1 x8=2 x9=68
---- NEG EDGE ---- WB WRITE: rd=0 data=0

================ CYCLE 99 =================
IF  : PCF = 0000007a
ID  : InstrD = xxxxxxxx | rs1=x rs2=x rd=x
EX  : RD1E=0 RD2E=0 Imm=4294967294
FWD : ForwardAE=00 ForwardBE=00
ALU : Result=0
MEM : Addr=0 WriteData=0 ReadData=15
WB  : rd=0 data=0 we=0
REG : x1=5 x2=10 x3=15 x4=15 x5=15 x6=20 x7=1 x8=2 x9=68
---- NEG EDGE ---- WB WRITE: rd=0 data=0

================ CYCLE 100 =================
IF  : PCF = 00000070
ID  : InstrD = 00000000 | rs1=0 rs2=0 rd=0
EX  : RD1E=0 RD2E=0 Imm=0
FWD : ForwardAE=00 ForwardBE=00
ALU : Result=0
MEM : Addr=0 WriteData=0 ReadData=15
WB  : rd=0 data=0 we=1
REG : x1=5 x2=10 x3=15 x4=15 x5=15 x6=20 x7=1 x8=2 x9=68
---- NEG EDGE ---- WB WRITE: rd=31 data=0
INFO: [USF-XSim-96] XSim completed. Design snapshot 'tb_riscv_behav' loaded.
INFO: [USF-XSim-97] XSim simulation ran for 1000ns
launch_simulation: Time (s): cpu = 00:00:02 ; elapsed = 00:00:07 . Memory (MB): peak = 1279.133 ; gain = 1.543
close_sim
INFO: [Simtcl 6-16] Simulation closed
exit
INFO: [Common 17-206] Exiting Vivado at Sun Mar 22 20:06:38 2026...
