
*** Running vivado
    with args -log top.vds -m64 -product Vivado -mode batch -messageDb vivado.pb -notrace -source top.tcl



****** Vivado v2024.2 (64-bit)
  **** SW Build 5239630 on Fri Nov 08 22:35:27 MST 2024
  **** IP Build 5239520 on Sun Nov 10 16:12:51 MST 2024
  **** SharedData Build 5239561 on Fri Nov 08 14:39:27 MST 2024
  **** Start of session at: Tue Mar 24 23:10:16 2026
    ** Copyright 1986-2022 Xilinx, Inc. All Rights Reserved.
    ** Copyright 2022-2024 Advanced Micro Devices, Inc. All Rights Reserved.

source top.tcl -notrace
Command: read_checkpoint -auto_incremental -incremental C:/Users/krush/Music/RISC_V_PIPELINED/RISC_V_PROCESSOR.srcs/utils_1/imports/synth_1/top.dcp
INFO: [Vivado 12-5825] Read reference checkpoint from C:/Users/krush/Music/RISC_V_PIPELINED/RISC_V_PROCESSOR.srcs/utils_1/imports/synth_1/top.dcp for incremental synthesis
INFO: [Vivado 12-7989] Please ensure there are no constraint changes
Command: synth_design -top top -part xc7k70tfbv676-1
Starting synth_design
Attempting to get a license for feature 'Synthesis' and/or device 'xc7k70t'
INFO: [Common 17-349] Got license for feature 'Synthesis' and/or device 'xc7k70t'
INFO: [Designutils 20-5440] No compile time benefit to using incremental synthesis; A full resynthesis will be run
INFO: [Designutils 20-4379] Flow is switching to default flow due to incremental criteria not met. If you would like to alter this behaviour and have the flow terminate instead, please set the following parameter config_implementation {autoIncr.Synth.RejectBehavior Terminate}
INFO: [Synth 8-7079] Multithreading enabled for synth_design using a maximum of 2 processes.
INFO: [Synth 8-7078] Launching helper process for spawning children vivado processes
INFO: [Synth 8-7075] Helper process launched with PID 36956
---------------------------------------------------------------------------------
Starting Synthesize : Time (s): cpu = 00:00:05 ; elapsed = 00:00:05 . Memory (MB): peak = 851.051 ; gain = 476.543
---------------------------------------------------------------------------------
INFO: [Synth 8-6157] synthesizing module 'top' [C:/Users/krush/Music/RISC_V_PIPELINED/RISC_V_PROCESSOR.srcs/sources_1/new/top.v:23]
INFO: [Synth 8-6157] synthesizing module 'fetch_cycle' [C:/Users/krush/Music/RISC_V_PIPELINED/RISC_V_PROCESSOR.srcs/sources_1/new/fetch_cycle.v:23]
INFO: [Synth 8-6157] synthesizing module 'D_FF_enable' [C:/Users/krush/Music/RISC_V_PIPELINED/RISC_V_PROCESSOR.srcs/sources_1/new/D_FF_enable.v:3]
	Parameter WIDTH bound to: 32 - type: integer 
INFO: [Synth 8-6155] done synthesizing module 'D_FF_enable' (0#1) [C:/Users/krush/Music/RISC_V_PIPELINED/RISC_V_PROCESSOR.srcs/sources_1/new/D_FF_enable.v:3]
INFO: [Synth 8-6157] synthesizing module 'Instr_mem' [C:/Users/krush/Music/RISC_V_PIPELINED/RISC_V_PROCESSOR.srcs/sources_1/new/Instr_mem.v:23]
INFO: [Synth 8-251] Loading instruction memory from rv32i_test.hex [C:/Users/krush/Music/RISC_V_PIPELINED/RISC_V_PROCESSOR.srcs/sources_1/new/Instr_mem.v:31]
INFO: [Synth 8-3876] $readmem data file 'rv32i_test.hex' is read successfully [C:/Users/krush/Music/RISC_V_PIPELINED/RISC_V_PROCESSOR.srcs/sources_1/new/Instr_mem.v:32]
INFO: [Synth 8-6155] done synthesizing module 'Instr_mem' (0#1) [C:/Users/krush/Music/RISC_V_PIPELINED/RISC_V_PROCESSOR.srcs/sources_1/new/Instr_mem.v:23]
INFO: [Synth 8-6157] synthesizing module 'D_FF_enable_Flush' [C:/Users/krush/Music/RISC_V_PIPELINED/RISC_V_PROCESSOR.srcs/sources_1/new/D_FF_enable_Flush.v:3]
	Parameter WIDTH bound to: 32 - type: integer 
INFO: [Synth 8-6155] done synthesizing module 'D_FF_enable_Flush' (0#1) [C:/Users/krush/Music/RISC_V_PIPELINED/RISC_V_PROCESSOR.srcs/sources_1/new/D_FF_enable_Flush.v:3]
INFO: [Synth 8-6155] done synthesizing module 'fetch_cycle' (0#1) [C:/Users/krush/Music/RISC_V_PIPELINED/RISC_V_PROCESSOR.srcs/sources_1/new/fetch_cycle.v:23]
INFO: [Synth 8-6157] synthesizing module 'decode_cycle' [C:/Users/krush/Music/RISC_V_PIPELINED/RISC_V_PROCESSOR.srcs/sources_1/new/decode_cycle.v:23]
INFO: [Synth 8-6157] synthesizing module 'Control_unit' [C:/Users/krush/Music/RISC_V_PIPELINED/RISC_V_PROCESSOR.srcs/sources_1/new/Control_unit.v:23]
INFO: [Synth 8-226] default block is never used [C:/Users/krush/Music/RISC_V_PIPELINED/RISC_V_PROCESSOR.srcs/sources_1/new/Control_unit.v:96]
INFO: [Synth 8-6155] done synthesizing module 'Control_unit' (0#1) [C:/Users/krush/Music/RISC_V_PIPELINED/RISC_V_PROCESSOR.srcs/sources_1/new/Control_unit.v:23]
INFO: [Synth 8-6157] synthesizing module 'Imm_gen' [C:/Users/krush/Music/RISC_V_PIPELINED/RISC_V_PROCESSOR.srcs/sources_1/new/Imm_gen.v:23]
INFO: [Synth 8-6155] done synthesizing module 'Imm_gen' (0#1) [C:/Users/krush/Music/RISC_V_PIPELINED/RISC_V_PROCESSOR.srcs/sources_1/new/Imm_gen.v:23]
INFO: [Synth 8-6157] synthesizing module 'Register_file' [C:/Users/krush/Music/RISC_V_PIPELINED/RISC_V_PROCESSOR.srcs/sources_1/new/Register_file.v:23]
INFO: [Synth 8-6155] done synthesizing module 'Register_file' (0#1) [C:/Users/krush/Music/RISC_V_PIPELINED/RISC_V_PROCESSOR.srcs/sources_1/new/Register_file.v:23]
INFO: [Synth 8-6157] synthesizing module 'D_FF_flush' [C:/Users/krush/Music/RISC_V_PIPELINED/RISC_V_PROCESSOR.srcs/sources_1/new/D_FF_flush.v:4]
	Parameter WIDTH bound to: 32 - type: integer 
INFO: [Synth 8-6155] done synthesizing module 'D_FF_flush' (0#1) [C:/Users/krush/Music/RISC_V_PIPELINED/RISC_V_PROCESSOR.srcs/sources_1/new/D_FF_flush.v:4]
INFO: [Synth 8-6157] synthesizing module 'D_FF_flush__parameterized0' [C:/Users/krush/Music/RISC_V_PIPELINED/RISC_V_PROCESSOR.srcs/sources_1/new/D_FF_flush.v:4]
	Parameter WIDTH bound to: 1 - type: integer 
INFO: [Synth 8-6155] done synthesizing module 'D_FF_flush__parameterized0' (0#1) [C:/Users/krush/Music/RISC_V_PIPELINED/RISC_V_PROCESSOR.srcs/sources_1/new/D_FF_flush.v:4]
INFO: [Synth 8-6157] synthesizing module 'D_FF_flush__parameterized1' [C:/Users/krush/Music/RISC_V_PIPELINED/RISC_V_PROCESSOR.srcs/sources_1/new/D_FF_flush.v:4]
	Parameter WIDTH bound to: 2 - type: integer 
INFO: [Synth 8-6155] done synthesizing module 'D_FF_flush__parameterized1' (0#1) [C:/Users/krush/Music/RISC_V_PIPELINED/RISC_V_PROCESSOR.srcs/sources_1/new/D_FF_flush.v:4]
INFO: [Synth 8-6157] synthesizing module 'D_FF_flush__parameterized2' [C:/Users/krush/Music/RISC_V_PIPELINED/RISC_V_PROCESSOR.srcs/sources_1/new/D_FF_flush.v:4]
	Parameter WIDTH bound to: 4 - type: integer 
INFO: [Synth 8-6155] done synthesizing module 'D_FF_flush__parameterized2' (0#1) [C:/Users/krush/Music/RISC_V_PIPELINED/RISC_V_PROCESSOR.srcs/sources_1/new/D_FF_flush.v:4]
INFO: [Synth 8-6157] synthesizing module 'D_FF_flush__parameterized3' [C:/Users/krush/Music/RISC_V_PIPELINED/RISC_V_PROCESSOR.srcs/sources_1/new/D_FF_flush.v:4]
	Parameter WIDTH bound to: 3 - type: integer 
INFO: [Synth 8-6155] done synthesizing module 'D_FF_flush__parameterized3' (0#1) [C:/Users/krush/Music/RISC_V_PIPELINED/RISC_V_PROCESSOR.srcs/sources_1/new/D_FF_flush.v:4]
INFO: [Synth 8-6157] synthesizing module 'D_FF_flush__parameterized4' [C:/Users/krush/Music/RISC_V_PIPELINED/RISC_V_PROCESSOR.srcs/sources_1/new/D_FF_flush.v:4]
	Parameter WIDTH bound to: 5 - type: integer 
INFO: [Synth 8-6155] done synthesizing module 'D_FF_flush__parameterized4' (0#1) [C:/Users/krush/Music/RISC_V_PIPELINED/RISC_V_PROCESSOR.srcs/sources_1/new/D_FF_flush.v:4]
INFO: [Synth 8-6155] done synthesizing module 'decode_cycle' (0#1) [C:/Users/krush/Music/RISC_V_PIPELINED/RISC_V_PROCESSOR.srcs/sources_1/new/decode_cycle.v:23]
INFO: [Synth 8-6157] synthesizing module 'execute_cycle' [C:/Users/krush/Music/RISC_V_PIPELINED/RISC_V_PROCESSOR.srcs/sources_1/new/execute_cycle.v:3]
INFO: [Synth 8-6157] synthesizing module 'ALU' [C:/Users/krush/Music/RISC_V_PIPELINED/RISC_V_PROCESSOR.srcs/sources_1/new/ALU.v:23]
INFO: [Synth 8-6155] done synthesizing module 'ALU' (0#1) [C:/Users/krush/Music/RISC_V_PIPELINED/RISC_V_PROCESSOR.srcs/sources_1/new/ALU.v:23]
INFO: [Synth 8-6157] synthesizing module 'D_FF' [C:/Users/krush/Music/RISC_V_PIPELINED/RISC_V_PROCESSOR.srcs/sources_1/new/D_FF.v:2]
	Parameter WIDTH bound to: 1 - type: integer 
INFO: [Synth 8-6155] done synthesizing module 'D_FF' (0#1) [C:/Users/krush/Music/RISC_V_PIPELINED/RISC_V_PROCESSOR.srcs/sources_1/new/D_FF.v:2]
INFO: [Synth 8-6157] synthesizing module 'D_FF__parameterized0' [C:/Users/krush/Music/RISC_V_PIPELINED/RISC_V_PROCESSOR.srcs/sources_1/new/D_FF.v:2]
	Parameter WIDTH bound to: 3 - type: integer 
INFO: [Synth 8-6155] done synthesizing module 'D_FF__parameterized0' (0#1) [C:/Users/krush/Music/RISC_V_PIPELINED/RISC_V_PROCESSOR.srcs/sources_1/new/D_FF.v:2]
INFO: [Synth 8-6157] synthesizing module 'D_FF__parameterized1' [C:/Users/krush/Music/RISC_V_PIPELINED/RISC_V_PROCESSOR.srcs/sources_1/new/D_FF.v:2]
	Parameter WIDTH bound to: 2 - type: integer 
INFO: [Synth 8-6155] done synthesizing module 'D_FF__parameterized1' (0#1) [C:/Users/krush/Music/RISC_V_PIPELINED/RISC_V_PROCESSOR.srcs/sources_1/new/D_FF.v:2]
INFO: [Synth 8-6157] synthesizing module 'D_FF__parameterized2' [C:/Users/krush/Music/RISC_V_PIPELINED/RISC_V_PROCESSOR.srcs/sources_1/new/D_FF.v:2]
	Parameter WIDTH bound to: 32 - type: integer 
INFO: [Synth 8-6155] done synthesizing module 'D_FF__parameterized2' (0#1) [C:/Users/krush/Music/RISC_V_PIPELINED/RISC_V_PROCESSOR.srcs/sources_1/new/D_FF.v:2]
INFO: [Synth 8-6157] synthesizing module 'D_FF__parameterized3' [C:/Users/krush/Music/RISC_V_PIPELINED/RISC_V_PROCESSOR.srcs/sources_1/new/D_FF.v:2]
	Parameter WIDTH bound to: 5 - type: integer 
INFO: [Synth 8-6155] done synthesizing module 'D_FF__parameterized3' (0#1) [C:/Users/krush/Music/RISC_V_PIPELINED/RISC_V_PROCESSOR.srcs/sources_1/new/D_FF.v:2]
INFO: [Synth 8-6155] done synthesizing module 'execute_cycle' (0#1) [C:/Users/krush/Music/RISC_V_PIPELINED/RISC_V_PROCESSOR.srcs/sources_1/new/execute_cycle.v:3]
INFO: [Synth 8-6157] synthesizing module 'memory_cycle' [C:/Users/krush/Music/RISC_V_PIPELINED/RISC_V_PROCESSOR.srcs/sources_1/new/memory_cycle.v:23]
INFO: [Synth 8-6157] synthesizing module 'store_unit' [C:/Users/krush/Music/RISC_V_PIPELINED/RISC_V_PROCESSOR.srcs/sources_1/new/store_unit.v:23]
INFO: [Synth 8-6155] done synthesizing module 'store_unit' (0#1) [C:/Users/krush/Music/RISC_V_PIPELINED/RISC_V_PROCESSOR.srcs/sources_1/new/store_unit.v:23]
INFO: [Synth 8-6157] synthesizing module 'Data_mem' [C:/Users/krush/Music/RISC_V_PIPELINED/RISC_V_PROCESSOR.srcs/sources_1/new/Data_mem.v:23]
INFO: [Synth 8-6155] done synthesizing module 'Data_mem' (0#1) [C:/Users/krush/Music/RISC_V_PIPELINED/RISC_V_PROCESSOR.srcs/sources_1/new/Data_mem.v:23]
INFO: [Synth 8-6155] done synthesizing module 'memory_cycle' (0#1) [C:/Users/krush/Music/RISC_V_PIPELINED/RISC_V_PROCESSOR.srcs/sources_1/new/memory_cycle.v:23]
INFO: [Synth 8-6157] synthesizing module 'write_cycle' [C:/Users/krush/Music/RISC_V_PIPELINED/RISC_V_PROCESSOR.srcs/sources_1/new/write_cycle.v:24]
INFO: [Synth 8-6157] synthesizing module 'load_unit' [C:/Users/krush/Music/RISC_V_PIPELINED/RISC_V_PROCESSOR.srcs/sources_1/new/load_unit.v:23]
INFO: [Synth 8-6155] done synthesizing module 'load_unit' (0#1) [C:/Users/krush/Music/RISC_V_PIPELINED/RISC_V_PROCESSOR.srcs/sources_1/new/load_unit.v:23]
INFO: [Synth 8-6155] done synthesizing module 'write_cycle' (0#1) [C:/Users/krush/Music/RISC_V_PIPELINED/RISC_V_PROCESSOR.srcs/sources_1/new/write_cycle.v:24]
INFO: [Synth 8-6157] synthesizing module 'hazard_unit' [C:/Users/krush/Music/RISC_V_PIPELINED/RISC_V_PROCESSOR.srcs/sources_1/new/hazard_unit.v:2]
INFO: [Synth 8-6155] done synthesizing module 'hazard_unit' (0#1) [C:/Users/krush/Music/RISC_V_PIPELINED/RISC_V_PROCESSOR.srcs/sources_1/new/hazard_unit.v:2]
INFO: [Synth 8-6155] done synthesizing module 'top' (0#1) [C:/Users/krush/Music/RISC_V_PIPELINED/RISC_V_PROCESSOR.srcs/sources_1/new/top.v:23]
WARNING: [Synth 8-7129] Port alu_result[31] in module load_unit is either unconnected or has no load
WARNING: [Synth 8-7129] Port alu_result[30] in module load_unit is either unconnected or has no load
WARNING: [Synth 8-7129] Port alu_result[29] in module load_unit is either unconnected or has no load
WARNING: [Synth 8-7129] Port alu_result[28] in module load_unit is either unconnected or has no load
WARNING: [Synth 8-7129] Port alu_result[27] in module load_unit is either unconnected or has no load
WARNING: [Synth 8-7129] Port alu_result[26] in module load_unit is either unconnected or has no load
WARNING: [Synth 8-7129] Port alu_result[25] in module load_unit is either unconnected or has no load
WARNING: [Synth 8-7129] Port alu_result[24] in module load_unit is either unconnected or has no load
WARNING: [Synth 8-7129] Port alu_result[23] in module load_unit is either unconnected or has no load
WARNING: [Synth 8-7129] Port alu_result[22] in module load_unit is either unconnected or has no load
WARNING: [Synth 8-7129] Port alu_result[21] in module load_unit is either unconnected or has no load
WARNING: [Synth 8-7129] Port alu_result[20] in module load_unit is either unconnected or has no load
WARNING: [Synth 8-7129] Port alu_result[19] in module load_unit is either unconnected or has no load
WARNING: [Synth 8-7129] Port alu_result[18] in module load_unit is either unconnected or has no load
WARNING: [Synth 8-7129] Port alu_result[17] in module load_unit is either unconnected or has no load
WARNING: [Synth 8-7129] Port alu_result[16] in module load_unit is either unconnected or has no load
WARNING: [Synth 8-7129] Port alu_result[15] in module load_unit is either unconnected or has no load
WARNING: [Synth 8-7129] Port alu_result[14] in module load_unit is either unconnected or has no load
WARNING: [Synth 8-7129] Port alu_result[13] in module load_unit is either unconnected or has no load
WARNING: [Synth 8-7129] Port alu_result[12] in module load_unit is either unconnected or has no load
WARNING: [Synth 8-7129] Port alu_result[11] in module load_unit is either unconnected or has no load
WARNING: [Synth 8-7129] Port alu_result[10] in module load_unit is either unconnected or has no load
WARNING: [Synth 8-7129] Port alu_result[9] in module load_unit is either unconnected or has no load
WARNING: [Synth 8-7129] Port alu_result[8] in module load_unit is either unconnected or has no load
WARNING: [Synth 8-7129] Port alu_result[7] in module load_unit is either unconnected or has no load
WARNING: [Synth 8-7129] Port alu_result[6] in module load_unit is either unconnected or has no load
WARNING: [Synth 8-7129] Port alu_result[5] in module load_unit is either unconnected or has no load
WARNING: [Synth 8-7129] Port alu_result[4] in module load_unit is either unconnected or has no load
WARNING: [Synth 8-7129] Port alu_result[3] in module load_unit is either unconnected or has no load
WARNING: [Synth 8-7129] Port alu_result[2] in module load_unit is either unconnected or has no load
WARNING: [Synth 8-7129] Port clk in module write_cycle is either unconnected or has no load
WARNING: [Synth 8-7129] Port rst in module write_cycle is either unconnected or has no load
WARNING: [Synth 8-7129] Port mem_read in module Data_mem is either unconnected or has no load
WARNING: [Synth 8-7129] Port addr[31] in module Data_mem is either unconnected or has no load
WARNING: [Synth 8-7129] Port addr[30] in module Data_mem is either unconnected or has no load
WARNING: [Synth 8-7129] Port addr[29] in module Data_mem is either unconnected or has no load
WARNING: [Synth 8-7129] Port addr[28] in module Data_mem is either unconnected or has no load
WARNING: [Synth 8-7129] Port addr[27] in module Data_mem is either unconnected or has no load
WARNING: [Synth 8-7129] Port addr[26] in module Data_mem is either unconnected or has no load
WARNING: [Synth 8-7129] Port addr[25] in module Data_mem is either unconnected or has no load
WARNING: [Synth 8-7129] Port addr[24] in module Data_mem is either unconnected or has no load
WARNING: [Synth 8-7129] Port addr[23] in module Data_mem is either unconnected or has no load
WARNING: [Synth 8-7129] Port addr[22] in module Data_mem is either unconnected or has no load
WARNING: [Synth 8-7129] Port addr[21] in module Data_mem is either unconnected or has no load
WARNING: [Synth 8-7129] Port addr[20] in module Data_mem is either unconnected or has no load
WARNING: [Synth 8-7129] Port addr[19] in module Data_mem is either unconnected or has no load
WARNING: [Synth 8-7129] Port addr[18] in module Data_mem is either unconnected or has no load
WARNING: [Synth 8-7129] Port addr[17] in module Data_mem is either unconnected or has no load
WARNING: [Synth 8-7129] Port addr[16] in module Data_mem is either unconnected or has no load
WARNING: [Synth 8-7129] Port addr[15] in module Data_mem is either unconnected or has no load
WARNING: [Synth 8-7129] Port addr[14] in module Data_mem is either unconnected or has no load
WARNING: [Synth 8-7129] Port addr[13] in module Data_mem is either unconnected or has no load
WARNING: [Synth 8-7129] Port addr[12] in module Data_mem is either unconnected or has no load
WARNING: [Synth 8-7129] Port addr[11] in module Data_mem is either unconnected or has no load
WARNING: [Synth 8-7129] Port addr[10] in module Data_mem is either unconnected or has no load
WARNING: [Synth 8-7129] Port addr[1] in module Data_mem is either unconnected or has no load
WARNING: [Synth 8-7129] Port addr[0] in module Data_mem is either unconnected or has no load
WARNING: [Synth 8-7129] Port alu_result[31] in module store_unit is either unconnected or has no load
WARNING: [Synth 8-7129] Port alu_result[30] in module store_unit is either unconnected or has no load
WARNING: [Synth 8-7129] Port alu_result[29] in module store_unit is either unconnected or has no load
WARNING: [Synth 8-7129] Port alu_result[28] in module store_unit is either unconnected or has no load
WARNING: [Synth 8-7129] Port alu_result[27] in module store_unit is either unconnected or has no load
WARNING: [Synth 8-7129] Port alu_result[26] in module store_unit is either unconnected or has no load
WARNING: [Synth 8-7129] Port alu_result[25] in module store_unit is either unconnected or has no load
WARNING: [Synth 8-7129] Port alu_result[24] in module store_unit is either unconnected or has no load
WARNING: [Synth 8-7129] Port alu_result[23] in module store_unit is either unconnected or has no load
WARNING: [Synth 8-7129] Port alu_result[22] in module store_unit is either unconnected or has no load
WARNING: [Synth 8-7129] Port alu_result[21] in module store_unit is either unconnected or has no load
WARNING: [Synth 8-7129] Port alu_result[20] in module store_unit is either unconnected or has no load
WARNING: [Synth 8-7129] Port alu_result[19] in module store_unit is either unconnected or has no load
WARNING: [Synth 8-7129] Port alu_result[18] in module store_unit is either unconnected or has no load
WARNING: [Synth 8-7129] Port alu_result[17] in module store_unit is either unconnected or has no load
WARNING: [Synth 8-7129] Port alu_result[16] in module store_unit is either unconnected or has no load
WARNING: [Synth 8-7129] Port alu_result[15] in module store_unit is either unconnected or has no load
WARNING: [Synth 8-7129] Port alu_result[14] in module store_unit is either unconnected or has no load
WARNING: [Synth 8-7129] Port alu_result[13] in module store_unit is either unconnected or has no load
WARNING: [Synth 8-7129] Port alu_result[12] in module store_unit is either unconnected or has no load
WARNING: [Synth 8-7129] Port alu_result[11] in module store_unit is either unconnected or has no load
WARNING: [Synth 8-7129] Port alu_result[10] in module store_unit is either unconnected or has no load
WARNING: [Synth 8-7129] Port alu_result[9] in module store_unit is either unconnected or has no load
WARNING: [Synth 8-7129] Port alu_result[8] in module store_unit is either unconnected or has no load
WARNING: [Synth 8-7129] Port alu_result[7] in module store_unit is either unconnected or has no load
WARNING: [Synth 8-7129] Port alu_result[6] in module store_unit is either unconnected or has no load
WARNING: [Synth 8-7129] Port alu_result[5] in module store_unit is either unconnected or has no load
WARNING: [Synth 8-7129] Port alu_result[4] in module store_unit is either unconnected or has no load
WARNING: [Synth 8-7129] Port alu_result[3] in module store_unit is either unconnected or has no load
WARNING: [Synth 8-7129] Port alu_result[2] in module store_unit is either unconnected or has no load
WARNING: [Synth 8-7129] Port InstrE[11] in module execute_cycle is either unconnected or has no load
WARNING: [Synth 8-7129] Port InstrE[10] in module execute_cycle is either unconnected or has no load
WARNING: [Synth 8-7129] Port InstrE[9] in module execute_cycle is either unconnected or has no load
WARNING: [Synth 8-7129] Port InstrE[8] in module execute_cycle is either unconnected or has no load
WARNING: [Synth 8-7129] Port InstrE[7] in module execute_cycle is either unconnected or has no load
WARNING: [Synth 8-7129] Port InstrE[6] in module execute_cycle is either unconnected or has no load
WARNING: [Synth 8-7129] Port InstrE[5] in module execute_cycle is either unconnected or has no load
WARNING: [Synth 8-7129] Port InstrE[4] in module execute_cycle is either unconnected or has no load
WARNING: [Synth 8-7129] Port InstrE[3] in module execute_cycle is either unconnected or has no load
WARNING: [Synth 8-7129] Port InstrE[2] in module execute_cycle is either unconnected or has no load
WARNING: [Synth 8-7129] Port InstrE[1] in module execute_cycle is either unconnected or has no load
WARNING: [Synth 8-7129] Port InstrE[0] in module execute_cycle is either unconnected or has no load
WARNING: [Synth 8-7129] Port instr[6] in module Imm_gen is either unconnected or has no load
INFO: [Common 17-14] Message 'Synth 8-7129' appears 100 times and further instances of the messages will be disabled. Use the Tcl command set_msg_config to change the current settings.
---------------------------------------------------------------------------------
Finished Synthesize : Time (s): cpu = 00:00:06 ; elapsed = 00:00:06 . Memory (MB): peak = 961.410 ; gain = 586.902
---------------------------------------------------------------------------------
---------------------------------------------------------------------------------
Finished Constraint Validation : Time (s): cpu = 00:00:07 ; elapsed = 00:00:07 . Memory (MB): peak = 961.410 ; gain = 586.902
---------------------------------------------------------------------------------
---------------------------------------------------------------------------------
Start Loading Part and Timing Information
---------------------------------------------------------------------------------
Loading part: xc7k70tfbv676-1
---------------------------------------------------------------------------------
Finished Loading Part and Timing Information : Time (s): cpu = 00:00:07 ; elapsed = 00:00:07 . Memory (MB): peak = 961.410 ; gain = 586.902
---------------------------------------------------------------------------------
INFO: [Device 21-403] Loading part xc7k70tfbv676-1
---------------------------------------------------------------------------------
Finished RTL Optimization Phase 2 : Time (s): cpu = 00:00:07 ; elapsed = 00:00:07 . Memory (MB): peak = 961.410 ; gain = 586.902
---------------------------------------------------------------------------------
No constraint files found.
---------------------------------------------------------------------------------
Start RTL Component Statistics 
---------------------------------------------------------------------------------
Detailed RTL Component Info : 
+---Adders : 
	   2 Input   32 Bit       Adders := 4     
	   3 Input   32 Bit       Adders := 1     
+---XORs : 
	   2 Input     32 Bit         XORs := 1     
+---Registers : 
	               32 Bit    Registers := 48    
	                5 Bit    Registers := 5     
	                4 Bit    Registers := 1     
	                3 Bit    Registers := 4     
	                2 Bit    Registers := 3     
	                1 Bit    Registers := 17    
+---Muxes : 
	  80 Input   32 Bit        Muxes := 1     
	   2 Input   32 Bit        Muxes := 16    
	   4 Input   32 Bit        Muxes := 5     
	   3 Input   32 Bit        Muxes := 1     
	   2 Input   16 Bit        Muxes := 1     
	   4 Input    8 Bit        Muxes := 1     
	   2 Input    5 Bit        Muxes := 3     
	   8 Input    4 Bit        Muxes := 2     
	   2 Input    4 Bit        Muxes := 1     
	   2 Input    3 Bit        Muxes := 4     
	   3 Input    3 Bit        Muxes := 1     
	   6 Input    3 Bit        Muxes := 1     
	   2 Input    2 Bit        Muxes := 5     
	   4 Input    2 Bit        Muxes := 1     
	   2 Input    1 Bit        Muxes := 36    
---------------------------------------------------------------------------------
Finished RTL Component Statistics 
---------------------------------------------------------------------------------
---------------------------------------------------------------------------------
Start Part Resource Summary
---------------------------------------------------------------------------------
Part Resources:
DSPs: 240 (col length:80)
BRAMs: 270 (col length: RAMB18 80 RAMB36 40)
---------------------------------------------------------------------------------
Finished Part Resource Summary
---------------------------------------------------------------------------------
No constraint files found.
---------------------------------------------------------------------------------
Start Cross Boundary and Area Optimization
---------------------------------------------------------------------------------
WARNING: [Synth 8-7080] Parallel synthesis criteria is not met
---------------------------------------------------------------------------------
Finished Cross Boundary and Area Optimization : Time (s): cpu = 00:00:18 ; elapsed = 00:00:19 . Memory (MB): peak = 1291.406 ; gain = 916.898
---------------------------------------------------------------------------------
---------------------------------------------------------------------------------
Start ROM, RAM, DSP, Shift Register and Retiming Reporting
---------------------------------------------------------------------------------

Distributed RAM: Preliminary Mapping Report (see note below)
+------------+------------------+-----------+----------------------+-----------------+
|Module Name | RTL Object       | Inference | Size (Depth x Width) | Primitives      | 
+------------+------------------+-----------+----------------------+-----------------+
|MEM         | DMEMM/memory_reg | Implied   | 256 x 32             | RAM256X1S x 32  | 
+------------+------------------+-----------+----------------------+-----------------+

Note: The table above is a preliminary report that shows the Distributed RAMs at the current stage of the synthesis flow. Some Distributed RAMs may be reimplemented as non Distributed RAM primitives later in the synthesis flow. Multiple instantiated RAMs are reported only once.
---------------------------------------------------------------------------------
Finished ROM, RAM, DSP, Shift Register and Retiming Reporting
---------------------------------------------------------------------------------
No constraint files found.
---------------------------------------------------------------------------------
Start Timing Optimization
---------------------------------------------------------------------------------
---------------------------------------------------------------------------------
Finished Timing Optimization : Time (s): cpu = 00:00:18 ; elapsed = 00:00:19 . Memory (MB): peak = 1291.406 ; gain = 916.898
---------------------------------------------------------------------------------
---------------------------------------------------------------------------------
Start ROM, RAM, DSP, Shift Register and Retiming Reporting
---------------------------------------------------------------------------------

Distributed RAM: Final Mapping Report
+------------+------------------+-----------+----------------------+-----------------+
|Module Name | RTL Object       | Inference | Size (Depth x Width) | Primitives      | 
+------------+------------------+-----------+----------------------+-----------------+
|MEM         | DMEMM/memory_reg | Implied   | 256 x 32             | RAM256X1S x 32  | 
+------------+------------------+-----------+----------------------+-----------------+

---------------------------------------------------------------------------------
Finished ROM, RAM, DSP, Shift Register and Retiming Reporting
---------------------------------------------------------------------------------
---------------------------------------------------------------------------------
Start Technology Mapping
---------------------------------------------------------------------------------
---------------------------------------------------------------------------------
Finished Technology Mapping : Time (s): cpu = 00:00:19 ; elapsed = 00:00:20 . Memory (MB): peak = 1291.406 ; gain = 916.898
---------------------------------------------------------------------------------
---------------------------------------------------------------------------------
Start IO Insertion
---------------------------------------------------------------------------------
---------------------------------------------------------------------------------
Start Flattening Before IO Insertion
---------------------------------------------------------------------------------
---------------------------------------------------------------------------------
Finished Flattening Before IO Insertion
---------------------------------------------------------------------------------
---------------------------------------------------------------------------------
Start Final Netlist Cleanup
---------------------------------------------------------------------------------
---------------------------------------------------------------------------------
Finished Final Netlist Cleanup
---------------------------------------------------------------------------------
---------------------------------------------------------------------------------
Finished IO Insertion : Time (s): cpu = 00:00:22 ; elapsed = 00:00:23 . Memory (MB): peak = 1351.738 ; gain = 977.230
---------------------------------------------------------------------------------
---------------------------------------------------------------------------------
Start Renaming Generated Instances
---------------------------------------------------------------------------------
---------------------------------------------------------------------------------
Finished Renaming Generated Instances : Time (s): cpu = 00:00:22 ; elapsed = 00:00:23 . Memory (MB): peak = 1351.738 ; gain = 977.230
---------------------------------------------------------------------------------
---------------------------------------------------------------------------------
Start Rebuilding User Hierarchy
---------------------------------------------------------------------------------
---------------------------------------------------------------------------------
Finished Rebuilding User Hierarchy : Time (s): cpu = 00:00:22 ; elapsed = 00:00:23 . Memory (MB): peak = 1351.738 ; gain = 977.230
---------------------------------------------------------------------------------
---------------------------------------------------------------------------------
Start Renaming Generated Ports
---------------------------------------------------------------------------------
---------------------------------------------------------------------------------
Finished Renaming Generated Ports : Time (s): cpu = 00:00:22 ; elapsed = 00:00:23 . Memory (MB): peak = 1351.738 ; gain = 977.230
---------------------------------------------------------------------------------
---------------------------------------------------------------------------------
Start Handling Custom Attributes
---------------------------------------------------------------------------------
---------------------------------------------------------------------------------
Finished Handling Custom Attributes : Time (s): cpu = 00:00:22 ; elapsed = 00:00:23 . Memory (MB): peak = 1351.738 ; gain = 977.230
---------------------------------------------------------------------------------
---------------------------------------------------------------------------------
Start Renaming Generated Nets
---------------------------------------------------------------------------------
---------------------------------------------------------------------------------
Finished Renaming Generated Nets : Time (s): cpu = 00:00:22 ; elapsed = 00:00:23 . Memory (MB): peak = 1351.738 ; gain = 977.230
---------------------------------------------------------------------------------
---------------------------------------------------------------------------------
Start Writing Synthesis Report
---------------------------------------------------------------------------------

Report BlackBoxes: 
+-+--------------+----------+
| |BlackBox name |Instances |
+-+--------------+----------+
+-+--------------+----------+

Report Cell Usage: 
+------+----------+------+
|      |Cell      |Count |
+------+----------+------+
|1     |BUFG      |     1|
|2     |CARRY4    |    74|
|3     |LUT1      |     1|
|4     |LUT2      |   425|
|5     |LUT3      |   258|
|6     |LUT4      |   278|
|7     |LUT5      |   329|
|8     |LUT6      |  1065|
|9     |MUXF7     |   270|
|10    |MUXF8     |    64|
|11    |RAM256X1S |    32|
|12    |FDCE      |   565|
|13    |FDRE      |   992|
|14    |IBUF      |     2|
+------+----------+------+

Report Instance Areas: 
+------+--------------------+------------------------------+------+
|      |Instance            |Module                        |Cells |
+------+--------------------+------------------------------+------+
|1     |top                 |                              |  4356|
|2     |  EX                |execute_cycle                 |   137|
|3     |    AluResultM_reg  |D_FF__parameterized2_23       |    32|
|4     |    MemReadM_reg    |D_FF_24                       |     1|
|5     |    MemWriteM_reg   |D_FF_25                       |     1|
|6     |    PCPlus4M_reg    |D_FF__parameterized2_26       |    32|
|7     |    RdM_reg         |D_FF__parameterized3_27       |     7|
|8     |    RegWriteM_reg   |D_FF_28                       |     1|
|9     |    WriteDataMreg   |D_FF__parameterized2_29       |    32|
|10    |    aluE            |ALU                           |    24|
|11    |    jalrM_reg       |D_FF_30                       |     1|
|12    |    jumpM_reg       |D_FF_31                       |     1|
|13    |    load_typeM_reg  |D_FF__parameterized0_32       |     3|
|14    |    store_typeM_reg |D_FF__parameterized1          |     2|
|15    |  ID                |decode_cycle                  |  3062|
|16    |    AluCtrlE_reg    |D_FF_flush__parameterized2    |   155|
|17    |    AluSrcE_reg     |D_FF_flush__parameterized0    |    60|
|18    |    AluSrc_aE_reg   |D_FF_flush__parameterized1    |   278|
|19    |    ImmExtE_reg     |D_FF_flush                    |    69|
|20    |    InstrE_reg      |D_FF_flush_7                  |    20|
|21    |    MemReadE_reg    |D_FF_flush__parameterized0_8  |     1|
|22    |    MemWriteE_reg   |D_FF_flush__parameterized0_9  |     1|
|23    |    PCE_reg         |D_FF_flush_10                 |    74|
|24    |    PCPlus4E_reg    |D_FF_flush_11                 |    32|
|25    |    RD1E_reg        |D_FF_flush_12                 |    32|
|26    |    RD2E_reg        |D_FF_flush_13                 |    32|
|27    |    RFD             |Register_file                 |  1888|
|28    |    RdE_reg         |D_FF_flush__parameterized4    |    15|
|29    |    RegWriteE_reg   |D_FF_flush__parameterized0_14 |     1|
|30    |    Rs1E_reg        |D_FF_flush__parameterized4_15 |   161|
|31    |    Rs2E_reg        |D_FF_flush__parameterized4_16 |   220|
|32    |    UseImmU_reg     |D_FF_flush__parameterized0_17 |     8|
|33    |    branchE_reg     |D_FF_flush__parameterized0_18 |     1|
|34    |    funct3E_reg     |D_FF_flush__parameterized3    |     7|
|35    |    jalrE_reg       |D_FF_flush__parameterized0_19 |     1|
|36    |    jumpE_reg       |D_FF_flush__parameterized0_20 |     1|
|37    |    load_typeE_reg  |D_FF_flush__parameterized3_21 |     3|
|38    |    store_typeE_reg |D_FF_flush__parameterized1_22 |     2|
|39    |  IF                |fetch_cycle                   |   848|
|40    |    InstrD_reg      |D_FF_enable_Flush             |   163|
|41    |    PCD_reg         |D_FF_enable_Flush_5           |    96|
|42    |    PCF_reg         |D_FF_enable                   |   493|
|43    |    PCPlus4D_reg    |D_FF_enable_Flush_6           |    96|
|44    |  MEM               |memory_cycle                  |   306|
|45    |    DMEMM           |Data_mem                      |    32|
|46    |    AluResultW_reg  |D_FF__parameterized2          |    64|
|47    |    MemReadW_reg    |D_FF                          |     1|
|48    |    PCPlus4W_reg    |D_FF__parameterized2_0        |    32|
|49    |    RdW_reg         |D_FF__parameterized3          |    36|
|50    |    ReadDataW_reg   |D_FF__parameterized2_1        |    57|
|51    |    RegWriteW_reg   |D_FF_2                        |     1|
|52    |    SUM             |store_unit                    |    47|
|53    |    jalrW_reg       |D_FF_3                        |     1|
|54    |    jumpW_reg       |D_FF_4                        |     1|
|55    |    load_typeW_reg  |D_FF__parameterized0          |    34|
+------+--------------------+------------------------------+------+
---------------------------------------------------------------------------------
Finished Writing Synthesis Report : Time (s): cpu = 00:00:22 ; elapsed = 00:00:23 . Memory (MB): peak = 1351.738 ; gain = 977.230
---------------------------------------------------------------------------------
Synthesis finished with 0 errors, 0 critical warnings and 123 warnings.
Synthesis Optimization Runtime : Time (s): cpu = 00:00:22 ; elapsed = 00:00:23 . Memory (MB): peak = 1351.738 ; gain = 977.230
Synthesis Optimization Complete : Time (s): cpu = 00:00:22 ; elapsed = 00:00:23 . Memory (MB): peak = 1351.738 ; gain = 977.230
INFO: [Project 1-571] Translating synthesized netlist
Netlist sorting complete. Time (s): cpu = 00:00:00 ; elapsed = 00:00:00.037 . Memory (MB): peak = 1366.797 ; gain = 0.000
INFO: [Netlist 29-17] Analyzing 440 Unisim elements for replacement
INFO: [Netlist 29-28] Unisim Transformation completed in 0 CPU seconds
INFO: [Project 1-570] Preparing netlist for logic optimization
INFO: [Opt 31-138] Pushed 0 inverter(s) to 0 load pin(s).
Netlist sorting complete. Time (s): cpu = 00:00:00 ; elapsed = 00:00:00 . Memory (MB): peak = 1480.797 ; gain = 0.000
INFO: [Project 1-111] Unisim Transformation Summary:
  A total of 32 instances were transformed.
  RAM256X1S => RAM256X1S (MUXF7(x2), MUXF8, RAMS64E(x4)): 32 instances

Synth Design complete | Checksum: 34249f7c
INFO: [Common 17-83] Releasing license: Synthesis
76 Infos, 101 Warnings, 0 Critical Warnings and 0 Errors encountered.
synth_design completed successfully
synth_design: Time (s): cpu = 00:00:24 ; elapsed = 00:00:27 . Memory (MB): peak = 1480.797 ; gain = 1110.516
Write ShapeDB Complete: Time (s): cpu = 00:00:00 ; elapsed = 00:00:00.009 . Memory (MB): peak = 1480.797 ; gain = 0.000
INFO: [Common 17-1381] The checkpoint 'C:/Users/krush/Music/RISC_V_PIPELINED/RISC_V_PROCESSOR.runs/synth_1/top.dcp' has been generated.
INFO: [Vivado 12-24828] Executing command : report_utilization -file top_utilization_synth.rpt -pb top_utilization_synth.pb
INFO: [Common 17-206] Exiting Vivado at Tue Mar 24 23:10:47 2026...
