Vivado Simulator v2024.2.0
Copyright 1986-2022 Xilinx, Inc. All Rights Reserved.
Copyright 2022-2024 Advanced Micro Devices, Inc. All Rights Reserved.
Running: C:/Xilinx/Vivado/2024.2/bin/unwrapped/win64.o/xelab.exe --incr --debug typical --relax --mt 2 -L xil_defaultlib -L unisims_ver -L unimacro_ver -L secureip --snapshot tb_temp_behav xil_defaultlib.tb_temp xil_defaultlib.glbl -log elaborate.log 
Using 2 slave threads.
Starting static elaboration
Pass Through NonSizing Optimizer
Completed static elaboration
Starting simulation data flow analysis
Completed simulation data flow analysis
Time Resolution for simulation is 1ps
Compiling module xil_defaultlib.D_FF_enable(WIDTH=64)
Compiling module xil_defaultlib.Instr_mem
Compiling module xil_defaultlib.D_FF_enable_Flush(WIDTH=64)
Compiling module xil_defaultlib.D_FF_enable_Flush
Compiling module xil_defaultlib.fetch_cycle
Compiling module xil_defaultlib.Control_unit
Compiling module xil_defaultlib.Imm_gen
Compiling module xil_defaultlib.Register_file
Compiling module xil_defaultlib.D_FF_flush
Compiling module xil_defaultlib.D_FF_flush(WIDTH=64)
Compiling module xil_defaultlib.D_FF_flush(WIDTH=1)
Compiling module xil_defaultlib.D_FF_flush(WIDTH=2)
Compiling module xil_defaultlib.D_FF_flush(WIDTH=4)
Compiling module xil_defaultlib.D_FF_flush(WIDTH=3)
Compiling module xil_defaultlib.D_FF_flush(WIDTH=5)
Compiling module xil_defaultlib.decode_cycle
Compiling module xil_defaultlib.ALU
Compiling module xil_defaultlib.D_FF(WIDTH=1)
Compiling module xil_defaultlib.D_FF(WIDTH=3)
Compiling module xil_defaultlib.D_FF(WIDTH=2)
Compiling module xil_defaultlib.D_FF(WIDTH=64)
Compiling module xil_defaultlib.D_FF(WIDTH=5)
Compiling module xil_defaultlib.execute_cycle
Compiling module xil_defaultlib.store_unit
Compiling module xil_defaultlib.Data_mem
Compiling module xil_defaultlib.memory_cycle
Compiling module xil_defaultlib.load_unit
Compiling module xil_defaultlib.write_cycle
Compiling module xil_defaultlib.hazard_unit
Compiling module xil_defaultlib.top
Compiling module xil_defaultlib.tb_temp
Compiling module xil_defaultlib.glbl
Built simulation snapshot tb_temp_behav
